// Jest Snapshot v1, https://goo.gl/fbAQLP

exports[`Test DashboardRemote 1`] = `
<div
  className="Labbooks"
>
  <div />
  <div
    className="Labbooks__panel-bar"
  >
    <h6
      className="Labbooks__username"
    >
      cbutler
    </h6>
    <h2
      className="Labbooks__title"
      onClick={[Function]}
    >
      Projects
    </h2>
  </div>
  <div
    className="Labbooks__menu  mui-container flex-0-0-auto"
  >
    <ul
      className="Labbooks__nav  flex flex--row"
    >
      <li
        className="Labbooks__nav-item Labbooks__nav-item--local"
      >
        <a
          onClick={[Function]}
        >
          Local
        </a>
      </li>
      <li
        className="Labbooks__nav-item Labbooks__nav-item--cloud Labbooks__nav-item--selected"
      >
        <a
          onClick={[Function]}
        >
          Cloud
        </a>
      </li>
      <hr
        className="Labbooks__navigation-slider Labbooks__navigation-slider--cloud"
      />
      <div
        className="hidden cloudLocal"
      >
        <div
          className="ToolTip__toggle cloudLocal"
          onClick={[Function]}
        >
          <div
            className="ToolTip__glow-container"
          >
            <div
              className="ToolTip__glow-ring-outer"
            >
              <div
                className="ToolTip__glow-ring-inner"
              />
            </div>
          </div>
        </div>
        <div
          className="hidden cloudLocal"
        />
        <div
          className="hidden cloudLocal"
        >
          This allows you to switch between Local and Cloud Project listings. Both Projects you have created and Projects that have been shared with you will be visible.
        </div>
      </div>
    </ul>
  </div>
  <div
    className="Labbooks__subheader"
  >
    <div
      className="Labbooks__search-container"
    >
      <input
        className="Labbooks__search no--margin"
        defaultValue=""
        onFocus={[Function]}
        onKeyUp={[Function]}
        placeholder="Filter Projects by name or description"
        type="text"
      />
    </div>
    <div
      className="LabbookFilterBy"
    >
      Filter by:
      <span
        className="LabbookFilterBy__selector LabbookFilterBy__selector--collapsed"
        onClick={[Function]}
      >
        All
      </span>
      <ul
        className="LabbookFilterBy__menu box-shadow hidden"
      >
        <li
          className="LabbookFilterBy__list-item"
          onClick={[Function]}
        >
          All 
          ✓ 
        </li>
        <li
          className="LabbookFilterBy__list-item"
          onClick={[Function]}
        >
          My Projects 
          
        </li>
        <li
          className="LabbookFilterBy__list-item"
          onClick={[Function]}
        >
          Shared with me 
          
        </li>
      </ul>
    </div>
    <div
      className="LabbookSort"
    >
      Sort by:
      <span
        className="LabbookSort__selector LabbookSort__selector--collapsed"
        onClick={[Function]}
      >
        Modified Date (Newest)
      </span>
      <ul
        className="LabbookSort__menu box-shadow hidden"
      >
        <li
          className="LabbookSort__list-item"
          onClick={[Function]}
        >
          Modified Date (Newest) 
          
        </li>
        <li
          className="LabbookSort__list-item"
          onClick={[Function]}
        >
          Modified Date (Oldest) 
          
        </li>
        <li
          className="LabbookSort__list-item"
          onClick={[Function]}
        >
          Creation Date (Newest) 
          
        </li>
        <li
          className="LabbookSort__list-item"
          onClick={[Function]}
        >
          Creation Date (Oldest) 
          
        </li>
        <li
          className="LabbookSort__list-item"
          onClick={[Function]}
        >
          A-Z 
          
        </li>
        <li
          className="LabbookSort__list-item"
          onClick={[Function]}
        >
          Z-A 
          
        </li>
      </ul>
    </div>
  </div>
  <div
    className="Labbooks__listing"
  >
    <div
      className="grid"
    >
      <div
        className="Card Card--300 column-4-span-3 flex flex--column justify--space-between"
      >
        <div
          className="RemoteLabbooks__row RemoteLabbooks__row--icon"
        >
          <button
            className="RemoteLabbooks__icon RemoteLabbooks__icon--cloud-download"
            disabled={false}
            onClick={[Function]}
          >
            Import
          </button>
          <button
            className="RemoteLabbooks__icon RemoteLabbooks__icon--delete"
            data-tooltip=""
            disabled={false}
            onClick={[Function]}
          >
            Delete
          </button>
        </div>
        <div
          className="RemoteLabbooks__row RemoteLabbooks__row--text"
        >
          <div
            className="RemoteLabbooks__row RemoteLabbooks__row--title"
          >
            <h6
              className="RemoteLabbooks__panel-title"
            >
              <span>
                <span
                  className=""
                >
                  zab
                </span>
              </span>
            </h6>
          </div>
          <p
            className="RemoteLabbooks__paragraph RemoteLabbooks__paragraph--owner"
          >
            cbutler
          </p>
          <p
            className="RemoteLabbooks__paragraph RemoteLabbooks__paragraph--owner"
          >
            Created on 01/08/19
          </p>
          <p
            className="RemoteLabbooks__paragraph RemoteLabbooks__paragraph--owner"
          >
            Modified a few seconds ago
          </p>
          <p
            className="RemoteLabbooks__paragraph RemoteLabbooks__paragraph--description"
          >
            <span />
          </p>
        </div>
        <div
          className="Tooltip-Listing RemoteLabbooks__undefined"
          data-tooltip="undefined"
        />
      </div>
      <div
        className="Card Card--300 column-4-span-3 flex flex--column justify--space-between"
      >
        <div
          className="RemoteLabbooks__row RemoteLabbooks__row--icon"
        >
          <button
            className="RemoteLabbooks__icon RemoteLabbooks__icon--cloud-download"
            disabled={false}
            onClick={[Function]}
          >
            Import
          </button>
          <button
            className="RemoteLabbooks__icon RemoteLabbooks__icon--delete"
            data-tooltip=""
            disabled={false}
            onClick={[Function]}
          >
            Delete
          </button>
        </div>
        <div
          className="RemoteLabbooks__row RemoteLabbooks__row--text"
        >
          <div
            className="RemoteLabbooks__row RemoteLabbooks__row--title"
          >
            <h6
              className="RemoteLabbooks__panel-title"
            >
              <span>
                <span
                  className=""
                >
                  untracked-labbook
                </span>
              </span>
            </h6>
          </div>
          <p
            className="RemoteLabbooks__paragraph RemoteLabbooks__paragraph--owner"
          >
            cbutler
          </p>
          <p
            className="RemoteLabbooks__paragraph RemoteLabbooks__paragraph--owner"
          >
            Created on 01/08/19
          </p>
          <p
            className="RemoteLabbooks__paragraph RemoteLabbooks__paragraph--owner"
          >
            Modified a few seconds ago
          </p>
          <p
            className="RemoteLabbooks__paragraph RemoteLabbooks__paragraph--description"
          >
            <span />
          </p>
        </div>
        <div
          className="Tooltip-Listing RemoteLabbooks__undefined"
          data-tooltip="undefined"
        />
      </div>
      <div
        className="Card Card--300 column-4-span-3 flex flex--column justify--space-between"
      >
        <div
          className="RemoteLabbooks__row RemoteLabbooks__row--icon"
        >
          <button
            className="RemoteLabbooks__icon RemoteLabbooks__icon--cloud-download"
            disabled={false}
            onClick={[Function]}
          >
            Import
          </button>
          <button
            className="RemoteLabbooks__icon RemoteLabbooks__icon--delete"
            data-tooltip=""
            disabled={false}
            onClick={[Function]}
          >
            Delete
          </button>
        </div>
        <div
          className="RemoteLabbooks__row RemoteLabbooks__row--text"
        >
          <div
            className="RemoteLabbooks__row RemoteLabbooks__row--title"
          >
            <h6
              className="RemoteLabbooks__panel-title"
            >
              <span>
                <span
                  className=""
                >
                  untracked-2
                </span>
              </span>
            </h6>
          </div>
          <p
            className="RemoteLabbooks__paragraph RemoteLabbooks__paragraph--owner"
          >
            cbutler
          </p>
          <p
            className="RemoteLabbooks__paragraph RemoteLabbooks__paragraph--owner"
          >
            Created on 01/08/19
          </p>
          <p
            className="RemoteLabbooks__paragraph RemoteLabbooks__paragraph--owner"
          >
            Modified a few seconds ago
          </p>
          <p
            className="RemoteLabbooks__paragraph RemoteLabbooks__paragraph--description"
          >
            <span />
          </p>
        </div>
        <div
          className="Tooltip-Listing RemoteLabbooks__undefined"
          data-tooltip="undefined"
        />
      </div>
      <div
        className="Card Card--300 column-4-span-3 flex flex--column justify--space-between"
      >
        <div
          className="RemoteLabbooks__row RemoteLabbooks__row--icon"
        >
          <button
            className="RemoteLabbooks__icon RemoteLabbooks__icon--cloud-download"
            disabled={false}
            onClick={[Function]}
          >
            Import
          </button>
          <button
            className="RemoteLabbooks__icon RemoteLabbooks__icon--delete"
            data-tooltip=""
            disabled={false}
            onClick={[Function]}
          >
            Delete
          </button>
        </div>
        <div
          className="RemoteLabbooks__row RemoteLabbooks__row--text"
        >
          <div
            className="RemoteLabbooks__row RemoteLabbooks__row--title"
          >
            <h6
              className="RemoteLabbooks__panel-title"
            >
              <span>
                <span
                  className=""
                >
                  untracked
                </span>
              </span>
            </h6>
          </div>
          <p
            className="RemoteLabbooks__paragraph RemoteLabbooks__paragraph--owner"
          >
            cbutler
          </p>
          <p
            className="RemoteLabbooks__paragraph RemoteLabbooks__paragraph--owner"
          >
            Created on 01/08/19
          </p>
          <p
            className="RemoteLabbooks__paragraph RemoteLabbooks__paragraph--owner"
          >
            Modified a few seconds ago
          </p>
          <p
            className="RemoteLabbooks__paragraph RemoteLabbooks__paragraph--description"
          >
            <span />
          </p>
        </div>
        <div
          className="Tooltip-Listing RemoteLabbooks__undefined"
          data-tooltip="undefined"
        />
      </div>
      <div
        className="Card Card--300 column-4-span-3 flex flex--column justify--space-between"
      >
        <div
          className="RemoteLabbooks__row RemoteLabbooks__row--icon"
        >
          <button
            className="RemoteLabbooks__icon RemoteLabbooks__icon--cloud-download"
            disabled={false}
            onClick={[Function]}
          >
            Import
          </button>
          <button
            className="RemoteLabbooks__icon RemoteLabbooks__icon--delete-disabled"
            data-tooltip="Can only delete remote projects created by you"
            disabled={true}
            onClick={[Function]}
          >
            Delete
          </button>
        </div>
        <div
          className="RemoteLabbooks__row RemoteLabbooks__row--text"
        >
          <div
            className="RemoteLabbooks__row RemoteLabbooks__row--title"
          >
            <h6
              className="RemoteLabbooks__panel-title"
            >
              <span>
                <span
                  className=""
                >
                  trump-tweets
                </span>
              </span>
            </h6>
          </div>
          <p
            className="RemoteLabbooks__paragraph RemoteLabbooks__paragraph--owner"
          >
            dmk
          </p>
          <p
            className="RemoteLabbooks__paragraph RemoteLabbooks__paragraph--owner"
          >
            Created on 01/08/19
          </p>
          <p
            className="RemoteLabbooks__paragraph RemoteLabbooks__paragraph--owner"
          >
            Modified a few seconds ago
          </p>
          <p
            className="RemoteLabbooks__paragraph RemoteLabbooks__paragraph--description"
          >
            <span>
              <span
                className=""
              >
                A LabBook to analyze Trumps stupid tweets
              </span>
            </span>
          </p>
        </div>
        <div
          className="Tooltip-Listing RemoteLabbooks__undefined"
          data-tooltip="undefined"
        />
      </div>
      <div
        className="Card Card--300 column-4-span-3 flex flex--column justify--space-between"
      >
        <div
          className="RemoteLabbooks__row RemoteLabbooks__row--icon"
        >
          <button
            className="RemoteLabbooks__icon RemoteLabbooks__icon--cloud-download"
            disabled={false}
            onClick={[Function]}
          >
            Import
          </button>
          <button
            className="RemoteLabbooks__icon RemoteLabbooks__icon--delete"
            data-tooltip=""
            disabled={false}
            onClick={[Function]}
          >
            Delete
          </button>
        </div>
        <div
          className="RemoteLabbooks__row RemoteLabbooks__row--text"
        >
          <div
            className="RemoteLabbooks__row RemoteLabbooks__row--title"
          >
            <h6
              className="RemoteLabbooks__panel-title"
            >
              <span>
                <span
                  className=""
                >
                  tracking-endabled
                </span>
              </span>
            </h6>
          </div>
          <p
            className="RemoteLabbooks__paragraph RemoteLabbooks__paragraph--owner"
          >
            cbutler
          </p>
          <p
            className="RemoteLabbooks__paragraph RemoteLabbooks__paragraph--owner"
          >
            Created on 01/08/19
          </p>
          <p
            className="RemoteLabbooks__paragraph RemoteLabbooks__paragraph--owner"
          >
            Modified a few seconds ago
          </p>
          <p
            className="RemoteLabbooks__paragraph RemoteLabbooks__paragraph--description"
          >
            <span />
          </p>
        </div>
        <div
          className="Tooltip-Listing RemoteLabbooks__undefined"
          data-tooltip="undefined"
        />
      </div>
      <div
        className="Card Card--300 column-4-span-3 flex flex--column justify--space-between"
      >
        <div
          className="RemoteLabbooks__row RemoteLabbooks__row--icon"
        >
          <button
            className="RemoteLabbooks__icon RemoteLabbooks__icon--cloud-download"
            disabled={false}
            onClick={[Function]}
          >
            Import
          </button>
          <button
            className="RemoteLabbooks__icon RemoteLabbooks__icon--delete"
            data-tooltip=""
            disabled={false}
            onClick={[Function]}
          >
            Delete
          </button>
        </div>
        <div
          className="RemoteLabbooks__row RemoteLabbooks__row--text"
        >
          <div
            className="RemoteLabbooks__row RemoteLabbooks__row--title"
          >
            <h6
              className="RemoteLabbooks__panel-title"
            >
              <span>
                <span
                  className=""
                >
                  tracked-2
                </span>
              </span>
            </h6>
          </div>
          <p
            className="RemoteLabbooks__paragraph RemoteLabbooks__paragraph--owner"
          >
            cbutler
          </p>
          <p
            className="RemoteLabbooks__paragraph RemoteLabbooks__paragraph--owner"
          >
            Created on 01/08/19
          </p>
          <p
            className="RemoteLabbooks__paragraph RemoteLabbooks__paragraph--owner"
          >
            Modified a few seconds ago
          </p>
          <p
            className="RemoteLabbooks__paragraph RemoteLabbooks__paragraph--description"
          >
            <span />
          </p>
        </div>
        <div
          className="Tooltip-Listing RemoteLabbooks__undefined"
          data-tooltip="undefined"
        />
      </div>
      <div
        className="Card Card--300 column-4-span-3 flex flex--column justify--space-between"
      >
        <div
          className="RemoteLabbooks__row RemoteLabbooks__row--icon"
        >
          <button
            className="RemoteLabbooks__icon RemoteLabbooks__icon--cloud-download"
            disabled={false}
            onClick={[Function]}
          >
            Import
          </button>
          <button
            className="RemoteLabbooks__icon RemoteLabbooks__icon--delete"
            data-tooltip=""
            disabled={false}
            onClick={[Function]}
          >
            Delete
          </button>
        </div>
        <div
          className="RemoteLabbooks__row RemoteLabbooks__row--text"
        >
          <div
            className="RemoteLabbooks__row RemoteLabbooks__row--title"
          >
            <h6
              className="RemoteLabbooks__panel-title"
            >
              <span>
                <span
                  className=""
                >
                  tpub
                </span>
              </span>
            </h6>
          </div>
          <p
            className="RemoteLabbooks__paragraph RemoteLabbooks__paragraph--owner"
          >
            cbutler
          </p>
          <p
            className="RemoteLabbooks__paragraph RemoteLabbooks__paragraph--owner"
          >
            Created on 01/08/19
          </p>
          <p
            className="RemoteLabbooks__paragraph RemoteLabbooks__paragraph--owner"
          >
            Modified a few seconds ago
          </p>
          <p
            className="RemoteLabbooks__paragraph RemoteLabbooks__paragraph--description"
          >
            <span />
          </p>
        </div>
        <div
          className="Tooltip-Listing RemoteLabbooks__undefined"
          data-tooltip="undefined"
        />
      </div>
      <div
        className="Card Card--300 column-4-span-3 flex flex--column justify--space-between"
      >
        <div
          className="RemoteLabbooks__row RemoteLabbooks__row--icon"
        >
          <button
            className="RemoteLabbooks__icon RemoteLabbooks__icon--cloud-download"
            disabled={false}
            onClick={[Function]}
          >
            Import
          </button>
          <button
            className="RemoteLabbooks__icon RemoteLabbooks__icon--delete"
            data-tooltip=""
            disabled={false}
            onClick={[Function]}
          >
            Delete
          </button>
        </div>
        <div
          className="RemoteLabbooks__row RemoteLabbooks__row--text"
        >
          <div
            className="RemoteLabbooks__row RemoteLabbooks__row--title"
          >
            <h6
              className="RemoteLabbooks__panel-title"
            >
              <span>
                <span
                  className=""
                >
                  thisiasdmadskadssfdkjjssdfs-jasjdasj
                </span>
              </span>
            </h6>
          </div>
          <p
            className="RemoteLabbooks__paragraph RemoteLabbooks__paragraph--owner"
          >
            cbutler
          </p>
          <p
            className="RemoteLabbooks__paragraph RemoteLabbooks__paragraph--owner"
          >
            Created on 01/08/19
          </p>
          <p
            className="RemoteLabbooks__paragraph RemoteLabbooks__paragraph--owner"
          >
            Modified a few seconds ago
          </p>
          <p
            className="RemoteLabbooks__paragraph RemoteLabbooks__paragraph--description"
          >
            <span />
          </p>
        </div>
        <div
          className="Tooltip-Listing RemoteLabbooks__undefined"
          data-tooltip="undefined"
        />
      </div>
      <div
        className="Card Card--300 column-4-span-3 flex flex--column justify--space-between"
      >
        <div
          className="RemoteLabbooks__row RemoteLabbooks__row--icon"
        >
          <button
            className="RemoteLabbooks__icon RemoteLabbooks__icon--cloud-download"
            disabled={false}
            onClick={[Function]}
          >
            Import
          </button>
          <button
            className="RemoteLabbooks__icon RemoteLabbooks__icon--delete-disabled"
            data-tooltip="Can only delete remote projects created by you"
            disabled={true}
            onClick={[Function]}
          >
            Delete
          </button>
        </div>
        <div
          className="RemoteLabbooks__row RemoteLabbooks__row--text"
        >
          <div
            className="RemoteLabbooks__row RemoteLabbooks__row--title"
          >
            <h6
              className="RemoteLabbooks__panel-title"
            >
              <span>
                <span
                  className=""
                >
                  testing-notifications
                </span>
              </span>
            </h6>
          </div>
          <p
            className="RemoteLabbooks__paragraph RemoteLabbooks__paragraph--owner"
          >
            dmk
          </p>
          <p
            className="RemoteLabbooks__paragraph RemoteLabbooks__paragraph--owner"
          >
            Created on 01/08/19
          </p>
          <p
            className="RemoteLabbooks__paragraph RemoteLabbooks__paragraph--owner"
          >
            Modified a few seconds ago
          </p>
          <p
            className="RemoteLabbooks__paragraph RemoteLabbooks__paragraph--description"
          >
            <span>
              <span
                className=""
              >
                sdfsdf
              </span>
            </span>
          </p>
        </div>
        <div
          className="Tooltip-Listing RemoteLabbooks__undefined"
          data-tooltip="undefined"
        />
      </div>
      <div
        className="Card Card--300 column-4-span-3 flex flex--column justify--space-between"
      >
        <div
          className="RemoteLabbooks__row RemoteLabbooks__row--icon"
        >
          <button
            className="RemoteLabbooks__icon RemoteLabbooks__icon--cloud-download"
            disabled={false}
            onClick={[Function]}
          >
            Import
          </button>
          <button
            className="RemoteLabbooks__icon RemoteLabbooks__icon--delete"
            data-tooltip=""
            disabled={false}
            onClick={[Function]}
          >
            Delete
          </button>
        </div>
        <div
          className="RemoteLabbooks__row RemoteLabbooks__row--text"
        >
          <div
            className="RemoteLabbooks__row RemoteLabbooks__row--title"
          >
            <h6
              className="RemoteLabbooks__panel-title"
            >
              <span>
                <span
                  className=""
                >
                  testing-activity-feed
                </span>
              </span>
            </h6>
          </div>
          <p
            className="RemoteLabbooks__paragraph RemoteLabbooks__paragraph--owner"
          >
            cbutler
          </p>
          <p
            className="RemoteLabbooks__paragraph RemoteLabbooks__paragraph--owner"
          >
            Created on 01/08/19
          </p>
          <p
            className="RemoteLabbooks__paragraph RemoteLabbooks__paragraph--owner"
          >
            Modified a few seconds ago
          </p>
          <p
            className="RemoteLabbooks__paragraph RemoteLabbooks__paragraph--description"
          >
            <span>
              <span
                className=""
              >
                testing labbook activity feed
              </span>
            </span>
          </p>
        </div>
        <div
          className="Tooltip-Listing RemoteLabbooks__undefined"
          data-tooltip="undefined"
        />
      </div>
      <div
        className="Card Card--300 column-4-span-3 flex flex--column justify--space-between"
      >
        <div
          className="RemoteLabbooks__row RemoteLabbooks__row--icon"
        >
          <button
            className="RemoteLabbooks__icon RemoteLabbooks__icon--cloud-download"
            disabled={false}
            onClick={[Function]}
          >
            Import
          </button>
          <button
            className="RemoteLabbooks__icon RemoteLabbooks__icon--delete"
            data-tooltip=""
            disabled={false}
            onClick={[Function]}
          >
            Delete
          </button>
        </div>
        <div
          className="RemoteLabbooks__row RemoteLabbooks__row--text"
        >
          <div
            className="RemoteLabbooks__row RemoteLabbooks__row--title"
          >
            <h6
              className="RemoteLabbooks__panel-title"
            >
              <span>
                <span
                  className=""
                >
                  test-uploader-1
                </span>
              </span>
            </h6>
          </div>
          <p
            className="RemoteLabbooks__paragraph RemoteLabbooks__paragraph--owner"
          >
            cbutler
          </p>
          <p
            className="RemoteLabbooks__paragraph RemoteLabbooks__paragraph--owner"
          >
            Created on 01/08/19
          </p>
          <p
            className="RemoteLabbooks__paragraph RemoteLabbooks__paragraph--owner"
          >
            Modified a few seconds ago
          </p>
          <p
            className="RemoteLabbooks__paragraph RemoteLabbooks__paragraph--description"
          >
            <span>
              <span
                className=""
              >
                Test uoload
              </span>
            </span>
          </p>
        </div>
        <div
          className="Tooltip-Listing RemoteLabbooks__undefined"
          data-tooltip="undefined"
        />
      </div>
      <div
        className="Card Card--300 column-4-span-3 flex flex--column justify--space-between"
      >
        <div
          className="RemoteLabbooks__row RemoteLabbooks__row--icon"
        >
          <button
            className="RemoteLabbooks__icon RemoteLabbooks__icon--cloud-download"
            disabled={false}
            onClick={[Function]}
          >
            Import
          </button>
          <button
            className="RemoteLabbooks__icon RemoteLabbooks__icon--delete-disabled"
            data-tooltip="Can only delete remote projects created by you"
            disabled={true}
            onClick={[Function]}
          >
            Delete
          </button>
        </div>
        <div
          className="RemoteLabbooks__row RemoteLabbooks__row--text"
        >
          <div
            className="RemoteLabbooks__row RemoteLabbooks__row--title"
          >
            <h6
              className="RemoteLabbooks__panel-title"
            >
              <span>
                <span
                  className=""
                >
                  test-lb
                </span>
              </span>
            </h6>
          </div>
          <p
            className="RemoteLabbooks__paragraph RemoteLabbooks__paragraph--owner"
          >
            dmk
          </p>
          <p
            className="RemoteLabbooks__paragraph RemoteLabbooks__paragraph--owner"
          >
            Created on 01/08/19
          </p>
          <p
            className="RemoteLabbooks__paragraph RemoteLabbooks__paragraph--owner"
          >
            Modified a few seconds ago
          </p>
          <p
            className="RemoteLabbooks__paragraph RemoteLabbooks__paragraph--description"
          >
            <span>
              <span
                className=""
              >
                This a short description
              </span>
            </span>
          </p>
        </div>
        <div
          className="Tooltip-Listing RemoteLabbooks__undefined"
          data-tooltip="undefined"
        />
      </div>
      <div
        className="Card Card--300 column-4-span-3 flex flex--column justify--space-between"
      >
        <div
          className="RemoteLabbooks__row RemoteLabbooks__row--icon"
        >
          <button
            className="RemoteLabbooks__icon RemoteLabbooks__icon--cloud-download"
            disabled={false}
            onClick={[Function]}
          >
            Import
          </button>
          <button
            className="RemoteLabbooks__icon RemoteLabbooks__icon--delete"
            data-tooltip=""
            disabled={false}
            onClick={[Function]}
          >
            Delete
          </button>
        </div>
        <div
          className="RemoteLabbooks__row RemoteLabbooks__row--text"
        >
          <div
            className="RemoteLabbooks__row RemoteLabbooks__row--title"
          >
            <h6
              className="RemoteLabbooks__panel-title"
            >
              <span>
                <span
                  className=""
                >
                  test-labbook
                </span>
              </span>
            </h6>
          </div>
          <p
            className="RemoteLabbooks__paragraph RemoteLabbooks__paragraph--owner"
          >
            cbutler
          </p>
          <p
            className="RemoteLabbooks__paragraph RemoteLabbooks__paragraph--owner"
          >
            Created on 01/08/19
          </p>
          <p
            className="RemoteLabbooks__paragraph RemoteLabbooks__paragraph--owner"
          >
            Modified a few seconds ago
          </p>
          <p
            className="RemoteLabbooks__paragraph RemoteLabbooks__paragraph--description"
          >
            <span>
              <span
                className=""
              >
                here is my labbook
              </span>
            </span>
          </p>
        </div>
        <div
          className="Tooltip-Listing RemoteLabbooks__undefined"
          data-tooltip="undefined"
        />
      </div>
      <div
        className="Card Card--300 column-4-span-3 flex flex--column justify--space-between"
      >
        <div
          className="RemoteLabbooks__row RemoteLabbooks__row--icon"
        >
          <button
            className="RemoteLabbooks__icon RemoteLabbooks__icon--cloud-download"
            disabled={false}
            onClick={[Function]}
          >
            Import
          </button>
          <button
            className="RemoteLabbooks__icon RemoteLabbooks__icon--delete"
            data-tooltip=""
            disabled={false}
            onClick={[Function]}
          >
            Delete
          </button>
        </div>
        <div
          className="RemoteLabbooks__row RemoteLabbooks__row--text"
        >
          <div
            className="RemoteLabbooks__row RemoteLabbooks__row--title"
          >
            <h6
              className="RemoteLabbooks__panel-title"
            >
              <span>
                <span
                  className=""
                >
                  test-building-status-2
                </span>
              </span>
            </h6>
          </div>
          <p
            className="RemoteLabbooks__paragraph RemoteLabbooks__paragraph--owner"
          >
            cbutler
          </p>
          <p
            className="RemoteLabbooks__paragraph RemoteLabbooks__paragraph--owner"
          >
            Created on 01/08/19
          </p>
          <p
            className="RemoteLabbooks__paragraph RemoteLabbooks__paragraph--owner"
          >
            Modified a few seconds ago
          </p>
          <p
            className="RemoteLabbooks__paragraph RemoteLabbooks__paragraph--description"
          >
            <span />
          </p>
        </div>
        <div
          className="Tooltip-Listing RemoteLabbooks__undefined"
          data-tooltip="undefined"
        />
      </div>
      <div
        className="Card Card--300 column-4-span-3 flex flex--column justify--space-between"
      >
        <div
          className="RemoteLabbooks__row RemoteLabbooks__row--icon"
        >
          <button
            className="RemoteLabbooks__icon RemoteLabbooks__icon--cloud-download"
            disabled={false}
            onClick={[Function]}
          >
            Import
          </button>
          <button
            className="RemoteLabbooks__icon RemoteLabbooks__icon--delete"
            data-tooltip=""
            disabled={false}
            onClick={[Function]}
          >
            Delete
          </button>
        </div>
        <div
          className="RemoteLabbooks__row RemoteLabbooks__row--text"
        >
          <div
            className="RemoteLabbooks__row RemoteLabbooks__row--title"
          >
            <h6
              className="RemoteLabbooks__panel-title"
            >
              <span>
                <span
                  className=""
                >
                  test-building-state
                </span>
              </span>
            </h6>
          </div>
          <p
            className="RemoteLabbooks__paragraph RemoteLabbooks__paragraph--owner"
          >
            cbutler
          </p>
          <p
            className="RemoteLabbooks__paragraph RemoteLabbooks__paragraph--owner"
          >
            Created on 01/08/19
          </p>
          <p
            className="RemoteLabbooks__paragraph RemoteLabbooks__paragraph--owner"
          >
            Modified a few seconds ago
          </p>
          <p
            className="RemoteLabbooks__paragraph RemoteLabbooks__paragraph--description"
          >
            <span />
          </p>
        </div>
        <div
          className="Tooltip-Listing RemoteLabbooks__undefined"
          data-tooltip="undefined"
        />
      </div>
      <div
        className="Card Card--300 column-4-span-3 flex flex--column justify--space-between"
      >
        <div
          className="RemoteLabbooks__row RemoteLabbooks__row--icon"
        >
          <button
            className="RemoteLabbooks__icon RemoteLabbooks__icon--cloud-download"
            disabled={false}
            onClick={[Function]}
          >
            Import
          </button>
          <button
            className="RemoteLabbooks__icon RemoteLabbooks__icon--delete"
            data-tooltip=""
            disabled={false}
            onClick={[Function]}
          >
            Delete
          </button>
        </div>
        <div
          className="RemoteLabbooks__row RemoteLabbooks__row--text"
        >
          <div
            className="RemoteLabbooks__row RemoteLabbooks__row--title"
          >
            <h6
              className="RemoteLabbooks__panel-title"
            >
              <span>
                <span
                  className=""
                >
                  test-building-6
                </span>
              </span>
            </h6>
          </div>
          <p
            className="RemoteLabbooks__paragraph RemoteLabbooks__paragraph--owner"
          >
            cbutler
          </p>
          <p
            className="RemoteLabbooks__paragraph RemoteLabbooks__paragraph--owner"
          >
            Created on 01/08/19
          </p>
          <p
            className="RemoteLabbooks__paragraph RemoteLabbooks__paragraph--owner"
          >
            Modified a few seconds ago
          </p>
          <p
            className="RemoteLabbooks__paragraph RemoteLabbooks__paragraph--description"
          >
            <span />
          </p>
        </div>
        <div
          className="Tooltip-Listing RemoteLabbooks__undefined"
          data-tooltip="undefined"
        />
      </div>
      <div
        className="Card Card--300 column-4-span-3 flex flex--column justify--space-between"
      >
        <div
          className="RemoteLabbooks__row RemoteLabbooks__row--icon"
        >
          <button
            className="RemoteLabbooks__icon RemoteLabbooks__icon--cloud-download"
            disabled={false}
            onClick={[Function]}
          >
            Import
          </button>
          <button
            className="RemoteLabbooks__icon RemoteLabbooks__icon--delete"
            data-tooltip=""
            disabled={false}
            onClick={[Function]}
          >
            Delete
          </button>
        </div>
        <div
          className="RemoteLabbooks__row RemoteLabbooks__row--text"
        >
          <div
            className="RemoteLabbooks__row RemoteLabbooks__row--title"
          >
            <h6
              className="RemoteLabbooks__panel-title"
            >
              <span>
                <span
                  className=""
                >
                  test-building-5
                </span>
              </span>
            </h6>
          </div>
          <p
            className="RemoteLabbooks__paragraph RemoteLabbooks__paragraph--owner"
          >
            cbutler
          </p>
          <p
            className="RemoteLabbooks__paragraph RemoteLabbooks__paragraph--owner"
          >
            Created on 01/08/19
          </p>
          <p
            className="RemoteLabbooks__paragraph RemoteLabbooks__paragraph--owner"
          >
            Modified a few seconds ago
          </p>
          <p
            className="RemoteLabbooks__paragraph RemoteLabbooks__paragraph--description"
          >
            <span />
          </p>
        </div>
        <div
          className="Tooltip-Listing RemoteLabbooks__undefined"
          data-tooltip="undefined"
        />
      </div>
      <div
        className="Card Card--300 column-4-span-3 flex flex--column justify--space-between"
      >
        <div
          className="RemoteLabbooks__row RemoteLabbooks__row--icon"
        >
          <button
            className="RemoteLabbooks__icon RemoteLabbooks__icon--cloud-download"
            disabled={false}
            onClick={[Function]}
          >
            Import
          </button>
          <button
            className="RemoteLabbooks__icon RemoteLabbooks__icon--delete"
            data-tooltip=""
            disabled={false}
            onClick={[Function]}
          >
            Delete
          </button>
        </div>
        <div
          className="RemoteLabbooks__row RemoteLabbooks__row--text"
        >
          <div
            className="RemoteLabbooks__row RemoteLabbooks__row--title"
          >
            <h6
              className="RemoteLabbooks__panel-title"
            >
              <span>
                <span
                  className=""
                >
                  test-building-4
                </span>
              </span>
            </h6>
          </div>
          <p
            className="RemoteLabbooks__paragraph RemoteLabbooks__paragraph--owner"
          >
            cbutler
          </p>
          <p
            className="RemoteLabbooks__paragraph RemoteLabbooks__paragraph--owner"
          >
            Created on 01/08/19
          </p>
          <p
            className="RemoteLabbooks__paragraph RemoteLabbooks__paragraph--owner"
          >
            Modified a few seconds ago
          </p>
          <p
            className="RemoteLabbooks__paragraph RemoteLabbooks__paragraph--description"
          >
            <span />
          </p>
        </div>
        <div
          className="Tooltip-Listing RemoteLabbooks__undefined"
          data-tooltip="undefined"
        />
      </div>
      <div
        className="Card Card--300 column-4-span-3 flex flex--column justify--space-between"
      >
        <div
          className="RemoteLabbooks__row RemoteLabbooks__row--icon"
        >
          <button
            className="RemoteLabbooks__icon RemoteLabbooks__icon--cloud-download"
            disabled={false}
            onClick={[Function]}
          >
            Import
          </button>
          <button
            className="RemoteLabbooks__icon RemoteLabbooks__icon--delete"
            data-tooltip=""
            disabled={false}
            onClick={[Function]}
          >
            Delete
          </button>
        </div>
        <div
          className="RemoteLabbooks__row RemoteLabbooks__row--text"
        >
          <div
            className="RemoteLabbooks__row RemoteLabbooks__row--title"
          >
            <h6
              className="RemoteLabbooks__panel-title"
            >
              <span>
                <span
                  className=""
                >
                  test-building-3
                </span>
              </span>
            </h6>
          </div>
          <p
            className="RemoteLabbooks__paragraph RemoteLabbooks__paragraph--owner"
          >
            cbutler
          </p>
          <p
            className="RemoteLabbooks__paragraph RemoteLabbooks__paragraph--owner"
          >
            Created on 01/08/19
          </p>
          <p
            className="RemoteLabbooks__paragraph RemoteLabbooks__paragraph--owner"
          >
            Modified a few seconds ago
          </p>
          <p
            className="RemoteLabbooks__paragraph RemoteLabbooks__paragraph--description"
          >
            <span />
          </p>
        </div>
        <div
          className="Tooltip-Listing RemoteLabbooks__undefined"
          data-tooltip="undefined"
        />
      </div>
      <div
        className="LabbookPaginationLoader--hidden"
      >
        <div />
      </div>
      <div
        className="LabbookPaginationLoader--hidden"
      >
        <div />
      </div>
      <div
        className="LabbookPaginationLoader--hidden"
      >
        <div />
      </div>
      <div
        className="LabbookPaginationLoader--hidden"
      >
        <div />
      </div>
      <div
        className="LabbookPaginationLoader--hidden"
      >
        <div />
      </div>
    </div>
  </div>
</div>
`;
