// Jest Snapshot v1, https://goo.gl/fbAQLP

exports[`Test Dashboard Labbooks 1`] = `
<div
  className="Dashboard flex flex-column"
>
  <div
    className="Dashboard__view flex-1-0-auto"
  >
    <div
      className="Labbooks"
    >
      <div />
      <div
        className="Labbooks__panel-bar"
      >
        <h6
          className="Labbooks__username"
        >
          cbutler
        </h6>
        <h2
          className="Labbooks__title"
          onClick={[Function]}
        >
          Projects
        </h2>
      </div>
      <div
        className="Labbooks__menu  mui-container flex-0-0-auto"
      >
        <ul
          className="Labbooks__nav  flex flex--row"
        >
          <li
            className="Labbooks__nav-item Labbooks__nav-item--local Labbooks__nav-item--selected"
          >
            <a
              onClick={[Function]}
            >
              Local
            </a>
          </li>
          <li
            className="Labbooks__nav-item Labbooks__nav-item--cloud"
          >
            <a
              onClick={[Function]}
            >
              Cloud
            </a>
          </li>
          <hr
            className="Labbooks__navigation-slider Labbooks__navigation-slider--local"
          />
          <div
            className="hidden cloudLocal"
          >
            <div
              className="ToolTip__toggle cloudLocal"
              onClick={[Function]}
            >
              <div
                className="ToolTip__glow-container"
              >
                <div
                  className="ToolTip__glow-ring-outer"
                >
                  <div
                    className="ToolTip__glow-ring-inner"
                  />
                </div>
              </div>
            </div>
            <div
              className="hidden cloudLocal"
            />
            <div
              className="hidden cloudLocal"
            >
              This allows you to switch between Local and Cloud Project listings. Both Projects you have created and Projects that have been shared with you will be visible.
            </div>
          </div>
        </ul>
      </div>
      <div
        className="Labbooks__subheader"
      >
        <div
          className="Labbooks__search-container"
        >
          <input
            className="Labbooks__search no--margin"
            defaultValue=""
            onFocus={[Function]}
            onKeyUp={[Function]}
            placeholder="Filter Projects by name or description"
            type="text"
          />
        </div>
        <div
          className="LabbookFilterBy"
        >
          Filter by:
          <span
            className="LabbookFilterBy__selector LabbookFilterBy__selector--collapsed"
            onClick={[Function]}
          >
            All
          </span>
          <ul
            className="LabbookFilterBy__menu box-shadow hidden"
          >
            <li
              className="LabbookFilterBy__list-item"
              onClick={[Function]}
            >
              All 
              ✓ 
            </li>
            <li
              className="LabbookFilterBy__list-item"
              onClick={[Function]}
            >
              My Projects 
              
            </li>
            <li
              className="LabbookFilterBy__list-item"
              onClick={[Function]}
            >
              Shared with me 
              
            </li>
          </ul>
        </div>
        <div
          className="LabbookSort"
        >
          Sort by:
          <span
            className="LabbookSort__selector LabbookSort__selector--collapsed"
            onClick={[Function]}
          >
            Modified Date (Newest)
          </span>
          <ul
            className="LabbookSort__menu box-shadow hidden"
          >
            <li
              className="LabbookSort__list-item"
              onClick={[Function]}
            >
              Modified Date (Newest) 
              
            </li>
            <li
              className="LabbookSort__list-item"
              onClick={[Function]}
            >
              Modified Date (Oldest) 
              
            </li>
            <li
              className="LabbookSort__list-item"
              onClick={[Function]}
            >
              Creation Date (Newest) 
              
            </li>
            <li
              className="LabbookSort__list-item"
              onClick={[Function]}
            >
              Creation Date (Oldest) 
              
            </li>
            <li
              className="LabbookSort__list-item"
              onClick={[Function]}
            >
              A-Z 
              
            </li>
            <li
              className="LabbookSort__list-item"
              onClick={[Function]}
            >
              Z-A 
              
            </li>
          </ul>
        </div>
      </div>
      <div
        className="Labbooks__listing"
      >
        <div
          className="grid"
        >
          <div
            className="ImportModule Card Card-300 Card--line-50 Card--text-center Card--add Card--import column-4-span-3"
            id="dropZone"
            onDragEnd={[Function]}
            onDragOver={[Function]}
            onDrop={[Function]}
            type="file"
          >
            <div
              className="Import__labbook-main"
            >
              <div
                className="Import__labbook-header"
              >
                <div
                  className="Import__labbook-icon"
                >
                  <div
                    className="Import__add-icon"
                  />
                </div>
                <div
                  className="Import__title"
                >
                  <h4>
                    Add Project
                  </h4>
                </div>
              </div>
              <div
                className="btn--import"
                onClick={[Function]}
              >
                Create New
              </div>
              <div
                className="hidden createLabbook"
              >
                <div
                  className="ToolTip__toggle createLabbook"
                  onClick={[Function]}
                >
                  <div
                    className="ToolTip__glow-container"
                  >
                    <div
                      className="ToolTip__glow-ring-outer"
                    >
                      <div
                        className="ToolTip__glow-ring-inner"
                      />
                    </div>
                  </div>
                </div>
                <div
                  className="hidden createLabbook"
                />
                <div
                  className="hidden createLabbook"
                >
                  Clicking on the 'Create New' button will open the new Project window, letting you name and select a Base for the new Project.
                </div>
              </div>
              <div
                className="btn--import"
                onClick={[Function]}
              >
                Import Existing
              </div>
              <div
                className="hidden importLabbook"
              >
                <div
                  className="ToolTip__toggle importLabbook"
                  onClick={[Function]}
                >
                  <div
                    className="ToolTip__glow-container"
                  >
                    <div
                      className="ToolTip__glow-ring-outer"
                    >
                      <div
                        className="ToolTip__glow-ring-inner"
                      />
                    </div>
                  </div>
                </div>
                <div
                  className="hidden importLabbook"
                />
                <div
                  className="hidden importLabbook"
                >
                  Clicking on the Import Existing' button transition the card to Import mode. 
 You can import by using a URL of a published Project or by uploading an exported Project's .zip file. 
 You can also directly import Projects that have been shared with you in the Cloud view.
                </div>
              </div>
            </div>
            <div
              className="hidden"
            />
          </div>
          <div
            className="Card Card--300 column-4-span-3 flex flex--column justify--space-between LabbookPaginationLoader LabbookPaginationLoader--0"
          >
            <div />
          </div>
          <div
            className="Card Card--300 column-4-span-3 flex flex--column justify--space-between LabbookPaginationLoader LabbookPaginationLoader--1"
          >
            <div />
          </div>
          <div
            className="Card Card--300 column-4-span-3 flex flex--column justify--space-between LabbookPaginationLoader LabbookPaginationLoader--2"
          >
            <div />
          </div>
          <div
            className="Card Card--300 column-4-span-3 flex flex--column justify--space-between LabbookPaginationLoader LabbookPaginationLoader--3"
          >
            <div />
          </div>
          <div
            className="Card Card--300 column-4-span-3 flex flex--column justify--space-between LabbookPaginationLoader LabbookPaginationLoader--4"
          >
            <div />
          </div>
        </div>
      </div>
    </div>
  </div>
</div>
`;

exports[`Test Dashboard datasets 1`] = `
<div
  className="Dashboard flex flex-column"
>
  <div
    className="Dashboard__view flex-1-0-auto"
  >
    <div
      className="Datasets"
    >
      <h1>
        Datasets
      </h1>
    </div>
  </div>
</div>
`;
