// Jest Snapshot v1, https://goo.gl/fbAQLP

exports[`Test MostRecentInput render snapshot 1`] = `
<div
  className="Recent"
>
  <div
    className="Recent__list"
  >
    <div
      className="Recent__card-wrapper"
    >
      <div
        className="Recent__card card"
      >
        <div
          className="Favorite__star--off"
          onClick={[Function]}
        />
        <div
          className="Recent__header-section"
        >
          <h6
            className="Recent__card-header"
          >
            nyc_taxi.zip
          </h6>
        </div>
        <div
          className="Recent__path-section"
        >
          <p
            className="Recent__path"
          >
            root
          </p>
        </div>
        <div
          className="Recent__description-section"
        >
          <p>
            Last Modified: 
            2 months ago
          </p>
          <p>
            Size: 
            432.3 MB
          </p>
        </div>
      </div>
    </div>
    <div
      className="Recent__card-wrapper"
    >
      <div
        className="Recent__card card"
      >
        <div
          className="Favorite__star--off"
          onClick={[Function]}
        />
        <div
          className="Recent__header-section"
        >
          <h6
            className="Recent__card-header"
          >
            nyc_taxi.ipynb
          </h6>
        </div>
        <div
          className="Recent__path-section"
        >
          <p
            className="Recent__path"
          >
            root
          </p>
        </div>
        <div
          className="Recent__description-section"
        >
          <p>
            Last Modified: 
            2 months ago
          </p>
          <p>
            Size: 
            15.2 MB
          </p>
        </div>
      </div>
    </div>
    <div
      className="Recent__card-wrapper"
    >
      <div
        className="Recent__card card"
      >
        <div
          className="Favorite__star--off"
          onClick={[Function]}
        />
        <div
          className="Recent__header-section"
        >
          <h6
            className="Recent__card-header"
          >
            v2.zip
          </h6>
        </div>
        <div
          className="Recent__path-section"
        >
          <p
            className="Recent__path"
          >
            root
          </p>
        </div>
        <div
          className="Recent__description-section"
        >
          <p>
            Last Modified: 
            2 months ago
          </p>
          <p>
            Size: 
            5.0 MB
          </p>
        </div>
      </div>
    </div>
  </div>
  <div
    className="Recent__action-bar"
  >
    <button
      className="Recent__load-more"
      onClick={[Function]}
    >
      Load More
    </button>
  </div>
</div>
`;
