// Jest Snapshot v1, https://goo.gl/fbAQLP

exports[`ActionsMenu Component Renders a snapshot 1`] = `
<div
  className="ActionsMenu"
  data-selenium-id="ActionsMenu"
>
  <div
    className="ActionsMenu__item Tooltip-data Tooltip-data--small ActionsMenu__item--AddSubfolder visibility-hidden"
    data-tooltip="Add Subfolder"
    onClick={[Function]}
  />
  <button
    className="ActionsMenu__item Btn__delete Btn--noShadow Tooltip-data Tooltip-data--small"
    data-tooltip="Delete"
    disabled={false}
    onClick={[Function]}
  >
    <div
      className="ActionsMenu__popup hidden Tooltip__message"
    >
      <div
        className="Tooltip__pointer"
      />
      <p>
        Are you sure?
      </p>
      <div
        className="flex justify--space-around"
      >
        <button
          className="File__btn--round File__btn--cancel"
          onClick={[Function]}
        />
        <button
          className="File__btn--round File__btn--add"
          onClick={[Function]}
        />
      </div>
    </div>
  </button>
  <button
    className="ActionsMenu__item Btn__rename Btn--noShadow Tooltip-data Tooltip-data--small"
    data-tooltip="Rename"
    disabled={false}
    onClick={[Function]}
  />
  <button
    className="ActionsMenu__item Tooltip-data Tooltip-data--small Btn__Favorite-off Btn--noShadow"
    data-tooltip="Favorite"
    onClick={[Function]}
  />
</div>
`;
