// Jest Snapshot v1, https://goo.gl/fbAQLP

exports[`AddSubFolder Component Renders a Snapshot 1`] = `
<div
  className="AddSubfolder"
  data-click-id="addFolder"
  data-selenium-id="AddSubfolder"
  onClick={[Function]}
  role="presentation"
  style={Object {}}
>
  <div
    className="AddSubfolder__text hidden"
  >
    Add Folder
  </div>
  <div
    className="AddSubfolder__edit Input--clear"
  >
    <div
      className="AddSubfolder__container"
    >
      <input
        className="AddSubfolder__input"
        data-click-id="addFolder"
        maxLength="255"
        onKeyUp={[Function]}
        placeholder="Enter Folder Name"
        type="text"
      />
    </div>
  </div>
  <div
    className="flex justify--space-around"
  >
    <button
      className="File__btn--round File__btn--cancel"
      onClick={[Function]}
      type="button"
    />
    <button
      className="File__btn--round File__btn--add"
      onClick={[Function]}
      type="button"
    />
  </div>
</div>
`;
