// Jest Snapshot v1, https://goo.gl/fbAQLP

exports[`LocalLabbooks LocalLabbooks snapshot 1`] = `
<div
  className="Labbooks__listing"
>
  <div
    className="grid"
  >
    <div
      className="ImportModule Card Card--line-50 Card--text-center Card--add Card--import column-4-span-3"
    >
      <div
        className="Import__main"
      />
      <div
        className="Import__header"
      >
        <div
          className="Import__icon Import__icon--labbook"
        >
          <div
            className="Import__add-icon"
          />
        </div>
        <div
          className="Import__title"
        >
          <h2
            className="Import__h2 Import__h2--azure"
          >
            Add Project
          </h2>
        </div>
      </div>
      <button
        className="btn--import"
        onClick={[Function]}
        type="button"
      >
        Create New
      </button>
      <button
        className="btn--import"
        onClick={[Function]}
        type="button"
      >
        Import Existing
      </button>
      <div
        className="hidden createLabbook"
      >
        <div
          className="Tooltip__toggle createLabbook"
          onClick={[Function]}
        >
          <div
            className="Tooltip__glow-container"
          >
            <div
              className="Tooltip__glow-ring-outer"
            >
              <div
                className="Tooltip__glow-ring-inner"
              />
            </div>
          </div>
        </div>
        <div
          className="hidden createLabbook"
        />
        <div
          className="hidden createLabbook"
        >
          Clicking on the 'Create New' button will open the new Project window, letting you name and select a Base for the new Project.
        </div>
      </div>
      <div
        className="hidden"
      />
    </div>
    <a
      className="Card Card--225 Card--text column-4-span-3 flex flex--column justify--space-between"
      href="/projects/uitest/ui-test-remote"
      onClick={[Function]}
    >
      <div
        className="LocalLabbooks__row--icons"
      >
        <div
          className="LocalLabbooks__containerStatus"
        >
          <div
            className="ContainerStatus__container-state ContainerStatus__containerStatus--state loading box-shadow"
            data-tooltip="Rebuild Required, container will attempt to rebuild before starting."
            onClick={[Function]}
            onMouseOut={[Function]}
            onMouseOver={[Function]}
          >
            <div
              className="ContainerStatus__text"
            >
              
            </div>
            <div
              className="ContainerStatus__toggle"
            >
              <div
                className="ContainerStatus__toggle-btn"
              />
            </div>
          </div>
        </div>
      </div>
      <div
        className="LocalLabbooks__row--text"
      >
        <div>
          <h5
            className="LocalLabbooks__panel-title"
            onClick={[Function]}
          >
            <span>
              <span
                className=""
              >
                ui-test-remote
              </span>
            </span>
          </h5>
        </div>
        <p
          className="LocalLabbooks__paragraph LocalLabbooks__paragraph--owner "
        >
          uitest
        </p>
        <p
          className="LocalLabbooks__paragraph LocalLabbooks__paragraph--metadata"
        >
          <span
            className="bold"
          >
            Created:
          </span>
           
          Fri Jan 18 2019
        </p>
        <p
          className="LocalLabbooks__paragraph LocalLabbooks__paragraph--metadata"
        >
          <span
            className="bold"
          >
            Modified:
          </span>
           
          Fri Jan 18 2019
        </p>
        <p
          className="LocalLabbooks__paragraph LocalLabbooks__paragraph--metadata"
        >
          <span
            className="bold"
          >
            Current Branch:
          </span>
           
        </p>
        <p
          className="LocalLabbooks__paragraph LocalLabbooks__paragraph--description"
        >
          <span>
             No description provided
          </span>
        </p>
      </div>
      <div
        className="Tooltip-Listing LocalLabbookPanel__loading Tooltip-data Tooltip-data--small"
        data-tooltip="loading"
      />
    </a>
    <a
      className="Card Card--225 Card--text column-4-span-3 flex flex--column justify--space-between"
      href="/projects/uitest/ui-test-project"
      onClick={[Function]}
    >
      <div
        className="LocalLabbooks__row--icons"
      >
        <div
          className="LocalLabbooks__containerStatus"
        >
          <div
            className="ContainerStatus__container-state ContainerStatus__containerStatus--state loading box-shadow"
            data-tooltip="Rebuild Required, container will attempt to rebuild before starting."
            onClick={[Function]}
            onMouseOut={[Function]}
            onMouseOver={[Function]}
          >
            <div
              className="ContainerStatus__text"
            >
              
            </div>
            <div
              className="ContainerStatus__toggle"
            >
              <div
                className="ContainerStatus__toggle-btn"
              />
            </div>
          </div>
        </div>
      </div>
      <div
        className="LocalLabbooks__row--text"
      >
        <div>
          <h5
            className="LocalLabbooks__panel-title"
            onClick={[Function]}
          >
            <span>
              <span
                className=""
              >
                ui-test-project
              </span>
            </span>
          </h5>
        </div>
        <p
          className="LocalLabbooks__paragraph LocalLabbooks__paragraph--owner "
        >
          uitest
        </p>
        <p
          className="LocalLabbooks__paragraph LocalLabbooks__paragraph--metadata"
        >
          <span
            className="bold"
          >
            Created:
          </span>
           
          Fri Jan 18 2019
        </p>
        <p
          className="LocalLabbooks__paragraph LocalLabbooks__paragraph--metadata"
        >
          <span
            className="bold"
          >
            Modified:
          </span>
           
          Fri Jan 18 2019
        </p>
        <p
          className="LocalLabbooks__paragraph LocalLabbooks__paragraph--metadata"
        >
          <span
            className="bold"
          >
            Current Branch:
          </span>
           
        </p>
        <p
          className="LocalLabbooks__paragraph LocalLabbooks__paragraph--description"
        >
          <span>
            <span
              className=""
            >
              This is a ui test project

            </span>
          </span>
        </p>
      </div>
      <div
        className="Tooltip-Listing LocalLabbookPanel__loading Tooltip-data Tooltip-data--small"
        data-tooltip="loading"
      />
    </a>
    <a
      className="Card Card--225 Card--text column-4-span-3 flex flex--column justify--space-between"
      href="/projects/uitest/test-tt"
      onClick={[Function]}
    >
      <div
        className="LocalLabbooks__row--icons"
      >
        <div
          className="LocalLabbooks__containerStatus"
        >
          <div
            className="ContainerStatus__container-state ContainerStatus__containerStatus--state loading box-shadow"
            data-tooltip="Rebuild Required, container will attempt to rebuild before starting."
            onClick={[Function]}
            onMouseOut={[Function]}
            onMouseOver={[Function]}
          >
            <div
              className="ContainerStatus__text"
            >
              
            </div>
            <div
              className="ContainerStatus__toggle"
            >
              <div
                className="ContainerStatus__toggle-btn"
              />
            </div>
          </div>
        </div>
      </div>
      <div
        className="LocalLabbooks__row--text"
      >
        <div>
          <h5
            className="LocalLabbooks__panel-title"
            onClick={[Function]}
          >
            <span>
              <span
                className=""
              >
                test-tt
              </span>
            </span>
          </h5>
        </div>
        <p
          className="LocalLabbooks__paragraph LocalLabbooks__paragraph--owner "
        >
          uitest
        </p>
        <p
          className="LocalLabbooks__paragraph LocalLabbooks__paragraph--metadata"
        >
          <span
            className="bold"
          >
            Created:
          </span>
           
          Fri Jan 11 2019
        </p>
        <p
          className="LocalLabbooks__paragraph LocalLabbooks__paragraph--metadata"
        >
          <span
            className="bold"
          >
            Modified:
          </span>
           
          Fri Jan 11 2019
        </p>
        <p
          className="LocalLabbooks__paragraph LocalLabbooks__paragraph--metadata"
        >
          <span
            className="bold"
          >
            Current Branch:
          </span>
           
        </p>
        <p
          className="LocalLabbooks__paragraph LocalLabbooks__paragraph--description"
        >
          <span>
             No description provided
          </span>
        </p>
      </div>
      <div
        className="Tooltip-Listing LocalLabbookPanel__loading Tooltip-data Tooltip-data--small"
        data-tooltip="loading"
      />
    </a>
    <a
      className="Card Card--225 Card--text column-4-span-3 flex flex--column justify--space-between"
      href="/projects/uitest/new-project"
      onClick={[Function]}
    >
      <div
        className="LocalLabbooks__row--icons"
      >
        <div
          className="LocalLabbooks__containerStatus"
        >
          <div
            className="ContainerStatus__container-state ContainerStatus__containerStatus--state loading box-shadow"
            data-tooltip="Rebuild Required, container will attempt to rebuild before starting."
            onClick={[Function]}
            onMouseOut={[Function]}
            onMouseOver={[Function]}
          >
            <div
              className="ContainerStatus__text"
            >
              
            </div>
            <div
              className="ContainerStatus__toggle"
            >
              <div
                className="ContainerStatus__toggle-btn"
              />
            </div>
          </div>
        </div>
      </div>
      <div
        className="LocalLabbooks__row--text"
      >
        <div>
          <h5
            className="LocalLabbooks__panel-title"
            onClick={[Function]}
          >
            <span>
              <span
                className=""
              >
                new-project
              </span>
            </span>
          </h5>
        </div>
        <p
          className="LocalLabbooks__paragraph LocalLabbooks__paragraph--owner "
        >
          uitest
        </p>
        <p
          className="LocalLabbooks__paragraph LocalLabbooks__paragraph--metadata"
        >
          <span
            className="bold"
          >
            Created:
          </span>
           
          Wed Jan 16 2019
        </p>
        <p
          className="LocalLabbooks__paragraph LocalLabbooks__paragraph--metadata"
        >
          <span
            className="bold"
          >
            Modified:
          </span>
           
          Thu Jan 24 2019
        </p>
        <p
          className="LocalLabbooks__paragraph LocalLabbooks__paragraph--metadata"
        >
          <span
            className="bold"
          >
            Current Branch:
          </span>
           
        </p>
        <p
          className="LocalLabbooks__paragraph LocalLabbooks__paragraph--description"
        >
          <span>
             No description provided
          </span>
        </p>
      </div>
      <div
        className="Tooltip-Listing LocalLabbookPanel__loading Tooltip-data Tooltip-data--small"
        data-tooltip="loading"
      />
    </a>
    <a
      className="Card Card--225 Card--text column-4-span-3 flex flex--column justify--space-between"
      href="/projects/uitest/awful-intersections-demo"
      onClick={[Function]}
    >
      <div
        className="LocalLabbooks__row--icons"
      >
        <div
          className="LocalLabbooks__containerStatus"
        >
          <div
            className="ContainerStatus__container-state ContainerStatus__containerStatus--state loading box-shadow"
            data-tooltip="Rebuild Required, container will attempt to rebuild before starting."
            onClick={[Function]}
            onMouseOut={[Function]}
            onMouseOver={[Function]}
          >
            <div
              className="ContainerStatus__text"
            >
              
            </div>
            <div
              className="ContainerStatus__toggle"
            >
              <div
                className="ContainerStatus__toggle-btn"
              />
            </div>
          </div>
        </div>
      </div>
      <div
        className="LocalLabbooks__row--text"
      >
        <div>
          <h5
            className="LocalLabbooks__panel-title"
            onClick={[Function]}
          >
            <span>
              <span
                className=""
              >
                awful-intersections-demo
              </span>
            </span>
          </h5>
        </div>
        <p
          className="LocalLabbooks__paragraph LocalLabbooks__paragraph--owner "
        >
          uitest
        </p>
        <p
          className="LocalLabbooks__paragraph LocalLabbooks__paragraph--metadata"
        >
          <span
            className="bold"
          >
            Created:
          </span>
           
          Thu May 24 2018
        </p>
        <p
          className="LocalLabbooks__paragraph LocalLabbooks__paragraph--metadata"
        >
          <span
            className="bold"
          >
            Modified:
          </span>
           
          Fri Jan 11 2019
        </p>
        <p
          className="LocalLabbooks__paragraph LocalLabbooks__paragraph--metadata"
        >
          <span
            className="bold"
          >
            Current Branch:
          </span>
           
        </p>
        <p
          className="LocalLabbooks__paragraph LocalLabbooks__paragraph--description"
        >
          <span>
            <span
              className=""
            >
              A fun demo LabBook to automatically find and generate cringe-worthy maps of horrible intersections
            </span>
          </span>
        </p>
      </div>
      <div
        className="Tooltip-Listing LocalLabbookPanel__loading Tooltip-data Tooltip-data--small"
        data-tooltip="loading"
      />
    </a>
    <div
      className="CardLoader--hidden"
    >
      <div />
    </div>
    <div
      className="CardLoader--hidden"
    >
      <div />
    </div>
    <div
      className="CardLoader--hidden"
    >
      <div />
    </div>
    <div
      className="CardLoader--hidden"
    >
      <div />
    </div>
    <div
      className="CardLoader--hidden"
    >
      <div />
    </div>
  </div>
</div>
`;
