// Jest Snapshot v1, https://goo.gl/fbAQLP

exports[`Test LocalLabbooks rendering 1`] = `
<a
  className="Card Card--225 Card--text column-4-span-3 flex flex--column justify--space-between"
  href="/projects/cbutler/ui-test-project"
  onClick={[Function]}
>
  <div
    className="LocalLabbooks__row--icons"
    data-selenium-id="LocalLabbookPanel"
  >
    <div
      className="Tooltip-Listing LocalLabbookPanel__undefined Tooltip-data Tooltip-data--small"
      data-tooltip="undefined"
    />
    <div
      className="LocalLabbooks__containerStatus"
    >
      <div
        className="ContainerStatus__container-state ContainerStatus__containerStatus--state undefined box-shadow"
        data-tooltip="Rebuild Required, container will attempt to rebuild before starting."
        onClick={[Function]}
        onMouseOut={[Function]}
        onMouseOver={[Function]}
        role="presentation"
        type="button"
      >
        <div
          className="ContainerStatus__text"
        />
        <div
          className="ContainerStatus__toggle"
        >
          <div
            className="ContainerStatus__toggle-btn"
          />
        </div>
      </div>
    </div>
  </div>
  <div
    className="LocalLabbooks__row--text"
  >
    <div>
      <h5
        className="LocalLabbooks__panel-title"
        onClick={[Function]}
        role="presentation"
      >
        <span>
          <span
            className=""
          >
            ui-test-project
          </span>
        </span>
      </h5>
    </div>
    <p
      className="LocalLabbooks__paragraph LocalLabbooks__paragraph--owner "
    >
      cbutler
    </p>
    <p
      className="LocalLabbooks__paragraph LocalLabbooks__paragraph--metadata"
    >
      <span
        className="bold"
      >
        Created:
      </span>
       
      Thu Jan 30 2020
    </p>
    <p
      className="LocalLabbooks__paragraph LocalLabbooks__paragraph--metadata"
    >
      <span
        className="bold"
      >
        Modified:
      </span>
       
      Mon Feb 03 2020
    </p>
    <p
      className="LocalLabbooks__paragraph LocalLabbooks__paragraph--description"
    >
      <span>
         No description provided
      </span>
    </p>
  </div>
</a>
`;
