// Jest Snapshot v1, https://goo.gl/fbAQLP

exports[`LocalLabbooks LocalLabbooks snapshot 1`] = `
<div
  className="Labbooks__listing"
  data-selenium-id="LocalLabbooks"
>
  <div
    className="grid"
  >
    <div
      className="ImportModule Card Card--line-50 Card--text-center Card--add Card--import column-4-span-3"
      data-selenium-id="ImportModule"
    >
      <div
        className="Import__main"
        data-selenium-id="ImportModalx"
      />
      <div
        className="Import__header"
      >
        <div
          className="Import__icon Import__icon--labbook"
        >
          <div
            className="Import__add-icon"
          />
        </div>
        <div
          className="Import__title"
        >
          <h2
            className="Import__h2 Import__h2--azure"
          >
            Add Project
          </h2>
        </div>
      </div>
      <button
        className="btn--import"
        onClick={[Function]}
        type="button"
      >
        Create New
      </button>
      <button
        className="btn--import"
        onClick={[Function]}
        type="button"
      >
        Import Existing
      </button>
      <div
        className="hidden createLabbook"
        data-selenium-id="Tooltip"
      >
        <div
          className="Tooltip__toggle createLabbook"
          data-event="click focus"
          data-tip="Clicking on the 'Create New' button will open the new Project window, letting you name and select a Base for the new Project."
          onClick={[Function]}
          role="presentation"
        >
          <div
            className="Tooltip__glow-container"
          >
            <div
              className="Tooltip__glow-ring-outer"
            >
              <div
                className="Tooltip__glow-ring-inner"
              />
            </div>
          </div>
        </div>
        <div
          className="__react_component_tooltip place-top type-dark "
          data-id="tooltip"
        />
      </div>
      <div
        className="hidden importLabbook"
        data-selenium-id="Tooltip"
      >
        <div
          className="Tooltip__toggle importLabbook"
          data-event="click focus"
          data-tip="Click on the 'Import Existing' button to import a Project into this Client instance.
You can use a URL of a published Project or upload an exported Project.
You can also import Projects that have been shared with you in by clicking on the '' tab above."
          onClick={[Function]}
          role="presentation"
        >
          <div
            className="Tooltip__glow-container"
          >
            <div
              className="Tooltip__glow-ring-outer"
            >
              <div
                className="Tooltip__glow-ring-inner"
              />
            </div>
          </div>
        </div>
        <div
          className="__react_component_tooltip place-top type-dark "
          data-id="tooltip"
        />
      </div>
      <div
        className="hidden"
      />
    </div>
    <a
      className="Card Card--225 Card--text column-4-span-3 flex flex--column justify--space-between"
      href="/projects/cbutler/ui-test-project"
      onClick={[Function]}
    >
      <div
        className="LocalLabbooks__row--icons"
        data-selenium-id="LocalLabbookPanel"
      >
        <div
          className="Tooltip-Listing LocalLabbookPanel__loading Tooltip-data Tooltip-data--small"
          data-tooltip="loading"
        />
        <div
          className="LocalLabbooks__containerStatus"
        >
          <div
            className="ContainerStatus__container-state ContainerStatus__containerStatus--state undefined box-shadow"
            data-tooltip="Rebuild Required, container will attempt to rebuild before starting."
            onBlur={[Function]}
            onClick={[Function]}
            onFocus={[Function]}
            onMouseOut={[Function]}
            onMouseOver={[Function]}
            role="presentation"
            type="button"
          >
            <div
              className="ContainerStatus__text"
            />
            <div
              className="ContainerStatus__toggle"
            >
              <div
                className="ContainerStatus__toggle-btn"
              />
            </div>
          </div>
        </div>
      </div>
      <div
        className="LocalLabbooks__row--text"
      >
        <div>
          <h5
            className="LocalLabbooks__panel-title"
            data-for="LocalLabbooks--ui-test-project"
            data-selenium-id="RepositoryTitle"
            data-tip="ui-test-project"
            role="presentation"
          >
            <div
              className=""
              end={0}
              onCopy={[Function]}
              start={0}
              style={
                Object {
                  "display": "block",
                  "overflow": "hidden",
                  "whiteSpace": "nowrap",
                }
              }
            >
              <span
                style={
                  Object {
                    "display": "none",
                  }
                }
              >
                ui-test-project
              </span>
              <span
                style={
                  Object {
                    "display": "none",
                  }
                }
              >
                ...
              </span>
              ui-test-project
            </div>
            <div
              className="__react_component_tooltip place-bottom type-dark "
              data-id="tooltip"
              id="LocalLabbooks--ui-test-project"
            />
          </h5>
        </div>
        <p
          className="LocalLabbooks__paragraph LocalLabbooks__paragraph--owner "
        >
          cbutler
        </p>
        <p
          className="LocalLabbooks__paragraph LocalLabbooks__paragraph--metadata"
        >
          <span
            className="bold"
          >
            Created:
          </span>
           
          01/30/20
        </p>
        <p
          className="LocalLabbooks__paragraph LocalLabbooks__paragraph--metadata"
        >
          <span
            className="bold"
          >
            Modified:
          </span>
           
          a year ago
        </p>
        <p
          className="LocalLabbooks__paragraph LocalLabbooks__paragraph--description"
        >
          <span>
             No description provided
          </span>
        </p>
      </div>
    </a>
    <a
      className="Card Card--225 Card--text column-4-span-3 flex flex--column justify--space-between"
      href="/projects/cbutler/test-sync"
      onClick={[Function]}
    >
      <div
        className="LocalLabbooks__row--icons"
        data-selenium-id="LocalLabbookPanel"
      >
        <div
          className="Tooltip-Listing LocalLabbookPanel__loading Tooltip-data Tooltip-data--small"
          data-tooltip="loading"
        />
        <div
          className="LocalLabbooks__containerStatus"
        >
          <div
            className="ContainerStatus__container-state ContainerStatus__containerStatus--state undefined box-shadow"
            data-tooltip="Rebuild Required, container will attempt to rebuild before starting."
            onBlur={[Function]}
            onClick={[Function]}
            onFocus={[Function]}
            onMouseOut={[Function]}
            onMouseOver={[Function]}
            role="presentation"
            type="button"
          >
            <div
              className="ContainerStatus__text"
            />
            <div
              className="ContainerStatus__toggle"
            >
              <div
                className="ContainerStatus__toggle-btn"
              />
            </div>
          </div>
        </div>
      </div>
      <div
        className="LocalLabbooks__row--text"
      >
        <div>
          <h5
            className="LocalLabbooks__panel-title"
            data-for="LocalLabbooks--test-sync"
            data-selenium-id="RepositoryTitle"
            data-tip="test-sync"
            role="presentation"
          >
            <div
              className=""
              end={0}
              onCopy={[Function]}
              start={0}
              style={
                Object {
                  "display": "block",
                  "overflow": "hidden",
                  "whiteSpace": "nowrap",
                }
              }
            >
              <span
                style={
                  Object {
                    "display": "none",
                  }
                }
              >
                test-sync
              </span>
              <span
                style={
                  Object {
                    "display": "none",
                  }
                }
              >
                ...
              </span>
              test-sync
            </div>
            <div
              className="__react_component_tooltip place-bottom type-dark "
              data-id="tooltip"
              id="LocalLabbooks--test-sync"
            />
          </h5>
        </div>
        <p
          className="LocalLabbooks__paragraph LocalLabbooks__paragraph--owner "
        >
          cbutler
        </p>
        <p
          className="LocalLabbooks__paragraph LocalLabbooks__paragraph--metadata"
        >
          <span
            className="bold"
          >
            Created:
          </span>
           
          01/13/20
        </p>
        <p
          className="LocalLabbooks__paragraph LocalLabbooks__paragraph--metadata"
        >
          <span
            className="bold"
          >
            Modified:
          </span>
           
          a year ago
        </p>
        <p
          className="LocalLabbooks__paragraph LocalLabbooks__paragraph--description"
        >
          <span>
            <span
              className=""
            >
              sdassad
            </span>
          </span>
        </p>
      </div>
    </a>
    <a
      className="Card Card--225 Card--text column-4-span-3 flex flex--column justify--space-between"
      href="/projects/cbutler/test"
      onClick={[Function]}
    >
      <div
        className="LocalLabbooks__row--icons"
        data-selenium-id="LocalLabbookPanel"
      >
        <div
          className="Tooltip-Listing LocalLabbookPanel__loading Tooltip-data Tooltip-data--small"
          data-tooltip="loading"
        />
        <div
          className="LocalLabbooks__containerStatus"
        >
          <div
            className="ContainerStatus__container-state ContainerStatus__containerStatus--state undefined box-shadow"
            data-tooltip="Rebuild Required, container will attempt to rebuild before starting."
            onBlur={[Function]}
            onClick={[Function]}
            onFocus={[Function]}
            onMouseOut={[Function]}
            onMouseOver={[Function]}
            role="presentation"
            type="button"
          >
            <div
              className="ContainerStatus__text"
            />
            <div
              className="ContainerStatus__toggle"
            >
              <div
                className="ContainerStatus__toggle-btn"
              />
            </div>
          </div>
        </div>
      </div>
      <div
        className="LocalLabbooks__row--text"
      >
        <div>
          <h5
            className="LocalLabbooks__panel-title"
            data-for="LocalLabbooks--test"
            data-selenium-id="RepositoryTitle"
            data-tip="test"
            role="presentation"
          >
            <div
              className=""
              end={0}
              onCopy={[Function]}
              start={0}
              style={
                Object {
                  "display": "block",
                  "overflow": "hidden",
                  "whiteSpace": "nowrap",
                }
              }
            >
              <span
                style={
                  Object {
                    "display": "none",
                  }
                }
              >
                test
              </span>
              <span
                style={
                  Object {
                    "display": "none",
                  }
                }
              >
                ...
              </span>
              test
            </div>
            <div
              className="__react_component_tooltip place-bottom type-dark "
              data-id="tooltip"
              id="LocalLabbooks--test"
            />
          </h5>
        </div>
        <p
          className="LocalLabbooks__paragraph LocalLabbooks__paragraph--owner "
        >
          cbutler
        </p>
        <p
          className="LocalLabbooks__paragraph LocalLabbooks__paragraph--metadata"
        >
          <span
            className="bold"
          >
            Created:
          </span>
           
          01/07/20
        </p>
        <p
          className="LocalLabbooks__paragraph LocalLabbooks__paragraph--metadata"
        >
          <span
            className="bold"
          >
            Modified:
          </span>
           
          a year ago
        </p>
        <p
          className="LocalLabbooks__paragraph LocalLabbooks__paragraph--description"
        >
          <span>
             No description provided
          </span>
        </p>
      </div>
    </a>
    <a
      className="Card Card--225 Card--text column-4-span-3 flex flex--column justify--space-between"
      href="/projects/gigantum-examples/scikit-learn-in-gigantum"
      onClick={[Function]}
    >
      <div
        className="LocalLabbooks__row--icons"
        data-selenium-id="LocalLabbookPanel"
      >
        <div
          className="Tooltip-Listing LocalLabbookPanel__loading Tooltip-data Tooltip-data--small"
          data-tooltip="loading"
        />
        <div
          className="LocalLabbooks__containerStatus"
        >
          <div
            className="ContainerStatus__container-state ContainerStatus__containerStatus--state undefined box-shadow"
            data-tooltip="Rebuild Required, container will attempt to rebuild before starting."
            onBlur={[Function]}
            onClick={[Function]}
            onFocus={[Function]}
            onMouseOut={[Function]}
            onMouseOver={[Function]}
            role="presentation"
            type="button"
          >
            <div
              className="ContainerStatus__text"
            />
            <div
              className="ContainerStatus__toggle"
            >
              <div
                className="ContainerStatus__toggle-btn"
              />
            </div>
          </div>
        </div>
      </div>
      <div
        className="LocalLabbooks__row--text"
      >
        <div>
          <h5
            className="LocalLabbooks__panel-title"
            data-for="LocalLabbooks--scikit-learn-in-gigantum"
            data-selenium-id="RepositoryTitle"
            data-tip="scikit-learn-in-gigantum"
            role="presentation"
          >
            <div
              className=""
              end={0}
              onCopy={[Function]}
              start={0}
              style={
                Object {
                  "display": "block",
                  "overflow": "hidden",
                  "whiteSpace": "nowrap",
                }
              }
            >
              <span
                style={
                  Object {
                    "display": "none",
                  }
                }
              >
                scikit-learn-in-gigantum
              </span>
              <span
                style={
                  Object {
                    "display": "none",
                  }
                }
              >
                ...
              </span>
              scikit-learn-in-gigantum
            </div>
            <div
              className="__react_component_tooltip place-bottom type-dark "
              data-id="tooltip"
              id="LocalLabbooks--scikit-learn-in-gigantum"
            />
          </h5>
        </div>
        <p
          className="LocalLabbooks__paragraph LocalLabbooks__paragraph--owner "
        >
          gigantum-examples
        </p>
        <p
          className="LocalLabbooks__paragraph LocalLabbooks__paragraph--metadata"
        >
          <span
            className="bold"
          >
            Created:
          </span>
           
          11/06/19
        </p>
        <p
          className="LocalLabbooks__paragraph LocalLabbooks__paragraph--metadata"
        >
          <span
            className="bold"
          >
            Modified:
          </span>
           
          a year ago
        </p>
        <p
          className="LocalLabbooks__paragraph LocalLabbooks__paragraph--description"
        >
          <span>
            <span
              className=""
            >
              An intro the Gigantum pre-configured data science base, using scikit-learn
            </span>
          </span>
        </p>
      </div>
    </a>
    <a
      className="Card Card--225 Card--text column-4-span-3 flex flex--column justify--space-between"
      href="/projects/cbutler/private-test"
      onClick={[Function]}
    >
      <div
        className="LocalLabbooks__row--icons"
        data-selenium-id="LocalLabbookPanel"
      >
        <div
          className="Tooltip-Listing LocalLabbookPanel__loading Tooltip-data Tooltip-data--small"
          data-tooltip="loading"
        />
        <div
          className="LocalLabbooks__containerStatus"
        >
          <div
            className="ContainerStatus__container-state ContainerStatus__containerStatus--state undefined box-shadow"
            data-tooltip="Rebuild Required, container will attempt to rebuild before starting."
            onBlur={[Function]}
            onClick={[Function]}
            onFocus={[Function]}
            onMouseOut={[Function]}
            onMouseOver={[Function]}
            role="presentation"
            type="button"
          >
            <div
              className="ContainerStatus__text"
            />
            <div
              className="ContainerStatus__toggle"
            >
              <div
                className="ContainerStatus__toggle-btn"
              />
            </div>
          </div>
        </div>
      </div>
      <div
        className="LocalLabbooks__row--text"
      >
        <div>
          <h5
            className="LocalLabbooks__panel-title"
            data-for="LocalLabbooks--private-test"
            data-selenium-id="RepositoryTitle"
            data-tip="private-test"
            role="presentation"
          >
            <div
              className=""
              end={0}
              onCopy={[Function]}
              start={0}
              style={
                Object {
                  "display": "block",
                  "overflow": "hidden",
                  "whiteSpace": "nowrap",
                }
              }
            >
              <span
                style={
                  Object {
                    "display": "none",
                  }
                }
              >
                private-test
              </span>
              <span
                style={
                  Object {
                    "display": "none",
                  }
                }
              >
                ...
              </span>
              private-test
            </div>
            <div
              className="__react_component_tooltip place-bottom type-dark "
              data-id="tooltip"
              id="LocalLabbooks--private-test"
            />
          </h5>
        </div>
        <p
          className="LocalLabbooks__paragraph LocalLabbooks__paragraph--owner "
        >
          cbutler
        </p>
        <p
          className="LocalLabbooks__paragraph LocalLabbooks__paragraph--metadata"
        >
          <span
            className="bold"
          >
            Created:
          </span>
           
          09/04/19
        </p>
        <p
          className="LocalLabbooks__paragraph LocalLabbooks__paragraph--metadata"
        >
          <span
            className="bold"
          >
            Modified:
          </span>
           
          a year ago
        </p>
        <p
          className="LocalLabbooks__paragraph LocalLabbooks__paragraph--description"
        >
          <span>
             No description provided
          </span>
        </p>
      </div>
    </a>
    <div
      className="CardLoader--hidden"
      data-selenium-id="CardLoader"
    >
      <div />
    </div>
    <div
      className="CardLoader--hidden"
      data-selenium-id="CardLoader"
    >
      <div />
    </div>
    <div
      className="CardLoader--hidden"
      data-selenium-id="CardLoader"
    >
      <div />
    </div>
    <div
      className="CardLoader--hidden"
      data-selenium-id="CardLoader"
    >
      <div />
    </div>
    <div
      className="CardLoader--hidden"
      data-selenium-id="CardLoader"
    >
      <div />
    </div>
  </div>
</div>
`;
