// Jest Snapshot v1, https://goo.gl/fbAQLP

exports[`Test LocalLabbooks rendering 1`] = `
<a
  className="Card Card--225 Card--text column-4-span-3 flex flex--column justify--space-between"
  href="/projects/cbutler/ui-test-project"
  onClick={[Function]}
>
  <div
    className="LocalLabbooks__row--icons"
    data-selenium-id="LocalLabbookPanel"
  >
    <div
      className="Tooltip-Listing LocalLabbookPanel__undefined Tooltip-data Tooltip-data--small"
      data-tooltip="undefined"
    />
    <div
      className="LocalLabbooks__containerStatus"
    >
      <div
        className="ContainerStatus__container-state ContainerStatus__containerStatus--state undefined box-shadow"
        data-tooltip="Rebuild Required, container will attempt to rebuild before starting."
        onBlur={[Function]}
        onClick={[Function]}
        onFocus={[Function]}
        onMouseOut={[Function]}
        onMouseOver={[Function]}
        role="presentation"
        type="button"
      >
        <div
          className="ContainerStatus__text"
        />
        <div
          className="ContainerStatus__toggle"
        >
          <div
            className="ContainerStatus__toggle-btn"
          />
        </div>
      </div>
    </div>
  </div>
  <div
    className="LocalLabbooks__row--text"
  >
    <div>
      <h5
        className="LocalLabbooks__panel-title"
        data-for="LocalLabbooks--ui-test-project"
        data-selenium-id="RepositoryTitle"
        data-tip="ui-test-project"
        role="presentation"
      >
        <div
          className=""
          end={0}
          onCopy={[Function]}
          start={0}
          style={
            Object {
              "display": "block",
              "overflow": "hidden",
              "whiteSpace": "nowrap",
            }
          }
        >
          <span
            style={
              Object {
                "display": "none",
              }
            }
          >
            ui-test-project
          </span>
          <span
            style={
              Object {
                "display": "none",
              }
            }
          >
            ...
          </span>
          ui-test-project
        </div>
        <div
          className="__react_component_tooltip place-bottom type-dark "
          data-id="tooltip"
          id="LocalLabbooks--ui-test-project"
        />
      </h5>
    </div>
    <p
      className="LocalLabbooks__paragraph LocalLabbooks__paragraph--owner "
    >
      cbutler
    </p>
    <p
      className="LocalLabbooks__paragraph LocalLabbooks__paragraph--metadata"
    >
      <span
        className="bold"
      >
        Created:
      </span>
       
      01/30/20
    </p>
    <p
      className="LocalLabbooks__paragraph LocalLabbooks__paragraph--metadata"
    >
      <span
        className="bold"
      >
        Modified:
      </span>
       
      a year ago
    </p>
    <p
      className="LocalLabbooks__paragraph LocalLabbooks__paragraph--description"
    >
      <span>
         No description provided
      </span>
    </p>
  </div>
</a>
`;
