// Jest Snapshot v1, https://goo.gl/fbAQLP

exports[`Test LocalLabbooks rendering 1`] = `
<a
  className="Card Card--225 Card--text column-4-span-3 flex flex--column justify--space-between"
  href="/projects/uitest/ui-test-remote"
  onClick={[Function]}
>
  <div
    className="LocalLabbooks__row--icons"
  >
    <div
      className="LocalLabbooks__containerStatus"
    >
      <div
        className="ContainerStatus__container-state ContainerStatus__containerStatus--state loading box-shadow"
        data-tooltip="Rebuild Required, container will attempt to rebuild before starting."
        onClick={[Function]}
        onMouseOut={[Function]}
        onMouseOver={[Function]}
      >
        <div
          className="ContainerStatus__text"
        >
          
        </div>
        <div
          className="ContainerStatus__toggle"
        >
          <div
            className="ContainerStatus__toggle-btn"
          />
        </div>
      </div>
    </div>
  </div>
  <div
    className="LocalLabbooks__row--text"
  >
    <div>
      <h5
        className="LocalLabbooks__panel-title"
        onClick={[Function]}
      >
        <span>
          <span
            className=""
          >
            ui-test-remote
          </span>
        </span>
      </h5>
    </div>
    <p
      className="LocalLabbooks__paragraph LocalLabbooks__paragraph--owner "
    >
      uitest
    </p>
    <p
      className="LocalLabbooks__paragraph LocalLabbooks__paragraph--metadata"
    >
      <span
        className="bold"
      >
        Created:
      </span>
       
      Fri Jan 18 2019
    </p>
    <p
      className="LocalLabbooks__paragraph LocalLabbooks__paragraph--metadata"
    >
      <span
        className="bold"
      >
        Modified:
      </span>
       
      Fri Jan 18 2019
    </p>
    <p
      className="LocalLabbooks__paragraph LocalLabbooks__paragraph--metadata"
    >
      <span
        className="bold"
      >
        Current Branch:
      </span>
       
    </p>
    <p
      className="LocalLabbooks__paragraph LocalLabbooks__paragraph--description"
    >
      <span>
         No description provided
      </span>
    </p>
  </div>
  <div
    className="Tooltip-Listing LocalLabbookPanel__undefined Tooltip-data Tooltip-data--small"
    data-tooltip="undefined"
  />
</a>
`;
