// Jest Snapshot v1, https://goo.gl/fbAQLP

exports[`LabbookActivityContainer Renders a snapshot 1`] = `
<div
  className="Activity"
  data-selenium-id="Activityx"
>
  <div
    className="Activity__inner-container flex flex--row flex--wrap justify--flex-start"
  >
    <div
      className="Activity__sizer flex-1-0-auto"
    >
      <div
        className="hidden userNote"
        data-selenium-id="Tooltip"
      >
        <div
          className="Tooltip__toggle userNote"
          data-event="click focus"
          data-for="Tooltip--userNote"
          data-tip="This menu can be used to create a note. A note is added to the current point in the Activity Feed and can be viewed by collaborators when synced. 
 The note editor supports markdown."
        >
          <div
            className="Tooltip__glow-container"
          >
            <div
              className="Tooltip__glow-ring-outer"
            >
              <div
                className="Tooltip__glow-ring-inner"
              />
            </div>
          </div>
        </div>
        <div
          className="__react_component_tooltip place-top type-dark "
          data-id="tooltip"
          id="Tooltip--userNote"
        />
      </div>
      <div
        data-selenium-id="CreateBranch"
      />
      <div>
        <div
          className="Activity__date-section Activity__date-section--0"
          data-selenium-id="DateSectionx"
        >
          <div
            className="Activity__date-tab note"
          >
            <div
              className="Activity__date-day"
            >
              3
            </div>
            <div
              className="Activity__date-sub"
            >
              <div
                className="Activity__date-month"
              >
                Feb
              </div>
              <div
                className="Activity__date-year"
              >
                2020
              </div>
            </div>
          </div>
          <div
            className="UserNote__container"
            data-selenium-id="UserNoteWrapperx"
          >
            <button
              className="Btn Btn--feature Btn--feature--expanded--paddingLeft relative UserNote__button"
              onClick={[Function]}
              type="submit"
            >
              Add Note
            </button>
            <div
              className="UserNote__add UserNote__card column-1-span-10 hidden"
            />
          </div>
          <div
            className="Activity__card-container"
          >
            <div
              className="CardWrapper CardWrapper--rollback"
              data-selenium-id="CardWrapperx"
            >
              <div
                className="Rollback"
                data-selenium-id="Rollbackx"
                data-tooltip="Can't rollback when the container is running."
              >
                <div
                  className="hidden activitySubmenu"
                  data-selenium-id="Tooltip"
                >
                  <div
                    className="Tooltip__toggle activitySubmenu"
                    data-event="click focus"
                    data-for="Tooltip--activitySubmenu"
                    data-tip="A dot between two activity records indicates the availability of the rollback menu. 
 This menu will allow you to rollback to a previous state, including code, data, and environment configuration. 
 When choosing to rollback a new branch is created at the specified point."
                  >
                    <div
                      className="Tooltip__glow-container"
                    >
                      <div
                        className="Tooltip__glow-ring-outer"
                      >
                        <div
                          className="Tooltip__glow-ring-inner"
                        />
                      </div>
                    </div>
                  </div>
                  <div
                    className="__react_component_tooltip place-top type-dark "
                    data-id="tooltip"
                    id="Tooltip--activitySubmenu"
                  />
                </div>
                <button
                  className="Rollback__button"
                  onClick={[Function]}
                  onMouseEnter={[Function]}
                  onMouseLeave={[Function]}
                  type="button"
                >
                  Rollback
                </button>
              </div>
              <div
                className="ActivityCard__container column-1-span-9"
                data-selenium-id="ActivityCardx"
              >
                <div
                  className="ActivityCard ActivityCard--collapsed card"
                  style={Object {}}
                >
                  <div
                    className="ActivityCard__badge ActivityCard__badge--code"
                    title="code"
                  />
                  <div
                    className="ActivityCard__content"
                  >
                    <div
                      className="ActivityCard__title flex flex--row justify--space-between closed"
                      onClick={[Function]}
                      role="presentation"
                    >
                      <div
                        className="ActivityCard__stack"
                      >
                        <p
                          className="ActivityCard__time"
                        >
                          3:10pm
                        </p>
                        <div
                          className="ActivityCard__user"
                        >
                          C
                        </div>
                      </div>
                      <h6
                        className="ActivityCard__commit-message"
                      >
                        <b>
                          cbutler - 
                        </b>
                        Created new Code directory \`code/folder\`
                      </h6>
                    </div>
                  </div>
                </div>
              </div>
            </div>
            <div
              className="CardWrapper CardWrapper--rollback"
              data-selenium-id="CardWrapperx"
            >
              <div
                className="Rollback"
                data-selenium-id="Rollbackx"
                data-tooltip="Can't rollback when the container is running."
              >
                <div
                  className="hidden activitySubmenu"
                  data-selenium-id="Tooltip"
                >
                  <div
                    className="Tooltip__toggle activitySubmenu"
                    data-event="click focus"
                    data-for="Tooltip--activitySubmenu"
                    data-tip="A dot between two activity records indicates the availability of the rollback menu. 
 This menu will allow you to rollback to a previous state, including code, data, and environment configuration. 
 When choosing to rollback a new branch is created at the specified point."
                  >
                    <div
                      className="Tooltip__glow-container"
                    >
                      <div
                        className="Tooltip__glow-ring-outer"
                      >
                        <div
                          className="Tooltip__glow-ring-inner"
                        />
                      </div>
                    </div>
                  </div>
                  <div
                    className="__react_component_tooltip place-top type-dark "
                    data-id="tooltip"
                    id="Tooltip--activitySubmenu"
                  />
                </div>
                <button
                  className="Rollback__button"
                  onClick={[Function]}
                  onMouseEnter={[Function]}
                  onMouseLeave={[Function]}
                  type="button"
                >
                  Rollback
                </button>
              </div>
              <div
                className="ActivityCard__container column-1-span-9"
                data-selenium-id="ActivityCardx"
              >
                <div
                  className="ActivityCard ActivityCard--collapsed card"
                  style={Object {}}
                >
                  <div
                    className="ActivityCard__badge ActivityCard__badge--code"
                    title="code"
                  />
                  <div
                    className="ActivityCard__content"
                  >
                    <div
                      className="ActivityCard__title flex flex--row justify--space-between closed"
                      onClick={[Function]}
                      role="presentation"
                    >
                      <div
                        className="ActivityCard__stack"
                      >
                        <p
                          className="ActivityCard__time"
                        >
                          3:09pm
                        </p>
                        <div
                          className="ActivityCard__user"
                        >
                          C
                        </div>
                      </div>
                      <h6
                        className="ActivityCard__commit-message"
                      >
                        <b>
                          cbutler - 
                        </b>
                        Uploaded 1 new file(s). 
                      </h6>
                    </div>
                  </div>
                </div>
              </div>
            </div>
          </div>
        </div>
        <div
          className="Activity__date-section Activity__date-section--1"
          data-selenium-id="DateSectionx"
        >
          <div
            className="Activity__date-tab"
          >
            <div
              className="Activity__date-day"
            >
              30
            </div>
            <div
              className="Activity__date-sub"
            >
              <div
                className="Activity__date-month"
              >
                Jan
              </div>
              <div
                className="Activity__date-year"
              >
                2020
              </div>
            </div>
          </div>
          <div
            className="Activity__card-container Activity__card-container--last"
          >
            <div
              className="CardWrapper CardWrapper--rollback"
              data-selenium-id="CardWrapperx"
            >
              <div
                className="Rollback"
                data-selenium-id="Rollbackx"
                data-tooltip="Can't rollback when the container is running."
              >
                <div
                  className="hidden activitySubmenu"
                  data-selenium-id="Tooltip"
                >
                  <div
                    className="Tooltip__toggle activitySubmenu"
                    data-event="click focus"
                    data-for="Tooltip--activitySubmenu"
                    data-tip="A dot between two activity records indicates the availability of the rollback menu. 
 This menu will allow you to rollback to a previous state, including code, data, and environment configuration. 
 When choosing to rollback a new branch is created at the specified point."
                  >
                    <div
                      className="Tooltip__glow-container"
                    >
                      <div
                        className="Tooltip__glow-ring-outer"
                      >
                        <div
                          className="Tooltip__glow-ring-inner"
                        />
                      </div>
                    </div>
                  </div>
                  <div
                    className="__react_component_tooltip place-top type-dark "
                    data-id="tooltip"
                    id="Tooltip--activitySubmenu"
                  />
                </div>
                <button
                  className="Rollback__button"
                  onClick={[Function]}
                  onMouseEnter={[Function]}
                  onMouseLeave={[Function]}
                  type="button"
                >
                  Rollback
                </button>
              </div>
              <div
                className="ActivityCard__container column-1-span-9"
                data-selenium-id="ActivityCardx"
              >
                <div
                  className="ActivityCard ActivityCard--collapsed card"
                  style={Object {}}
                >
                  <div
                    className="ActivityCard__badge ActivityCard__badge--environment"
                    title="environment"
                  />
                  <div
                    className="ActivityCard__content"
                  >
                    <div
                      className="ActivityCard__title flex flex--row justify--space-between closed"
                      onClick={[Function]}
                      role="presentation"
                    >
                      <div
                        className="ActivityCard__stack"
                      >
                        <p
                          className="ActivityCard__time"
                        >
                          3:53pm
                        </p>
                        <div
                          className="ActivityCard__user"
                        >
                          C
                        </div>
                      </div>
                      <h6
                        className="ActivityCard__commit-message"
                      >
                        <b>
                          cbutler - 
                        </b>
                        Added base: python3-data-science r10
                      </h6>
                    </div>
                  </div>
                </div>
              </div>
            </div>
            <div
              className="CardWrapper CardWrapper--rollback"
              data-selenium-id="CardWrapperx"
            >
              <div
                className="Rollback"
                data-selenium-id="Rollbackx"
                data-tooltip="Can't rollback when the container is running."
              >
                <div
                  className="hidden activitySubmenu"
                  data-selenium-id="Tooltip"
                >
                  <div
                    className="Tooltip__toggle activitySubmenu"
                    data-event="click focus"
                    data-for="Tooltip--activitySubmenu"
                    data-tip="A dot between two activity records indicates the availability of the rollback menu. 
 This menu will allow you to rollback to a previous state, including code, data, and environment configuration. 
 When choosing to rollback a new branch is created at the specified point."
                  >
                    <div
                      className="Tooltip__glow-container"
                    >
                      <div
                        className="Tooltip__glow-ring-outer"
                      >
                        <div
                          className="Tooltip__glow-ring-inner"
                        />
                      </div>
                    </div>
                  </div>
                  <div
                    className="__react_component_tooltip place-top type-dark "
                    data-id="tooltip"
                    id="Tooltip--activitySubmenu"
                  />
                </div>
                <button
                  className="Rollback__button"
                  onClick={[Function]}
                  onMouseEnter={[Function]}
                  onMouseLeave={[Function]}
                  type="button"
                >
                  Rollback
                </button>
              </div>
              <div
                className="ActivityCard__container column-1-span-9"
                data-selenium-id="ActivityCardx"
              >
                <div
                  className="ActivityCard ActivityCard--collapsed card"
                  style={Object {}}
                >
                  <div
                    className="ActivityCard__badge ActivityCard__badge--environment"
                    title="environment"
                  />
                  <div
                    className="ActivityCard__content"
                  >
                    <div
                      className="ActivityCard__title flex flex--row justify--space-between closed"
                      onClick={[Function]}
                      role="presentation"
                    >
                      <div
                        className="ActivityCard__stack"
                      >
                        <p
                          className="ActivityCard__time"
                        >
                          3:53pm
                        </p>
                        <div
                          className="ActivityCard__user"
                        >
                          C
                        </div>
                      </div>
                      <h6
                        className="ActivityCard__commit-message"
                      >
                        <b>
                          cbutler - 
                        </b>
                        Added 3 apt package(s). 
                      </h6>
                    </div>
                  </div>
                </div>
              </div>
            </div>
            <div
              className="CardWrapper CardWrapper--rollback"
              data-selenium-id="CardWrapperx"
            >
              <div
                className="Rollback"
                data-selenium-id="Rollbackx"
                data-tooltip="Can't rollback when the container is running."
              >
                <div
                  className="hidden activitySubmenu"
                  data-selenium-id="Tooltip"
                >
                  <div
                    className="Tooltip__toggle activitySubmenu"
                    data-event="click focus"
                    data-for="Tooltip--activitySubmenu"
                    data-tip="A dot between two activity records indicates the availability of the rollback menu. 
 This menu will allow you to rollback to a previous state, including code, data, and environment configuration. 
 When choosing to rollback a new branch is created at the specified point."
                  >
                    <div
                      className="Tooltip__glow-container"
                    >
                      <div
                        className="Tooltip__glow-ring-outer"
                      >
                        <div
                          className="Tooltip__glow-ring-inner"
                        />
                      </div>
                    </div>
                  </div>
                  <div
                    className="__react_component_tooltip place-top type-dark "
                    data-id="tooltip"
                    id="Tooltip--activitySubmenu"
                  />
                </div>
                <button
                  className="Rollback__button"
                  onClick={[Function]}
                  onMouseEnter={[Function]}
                  onMouseLeave={[Function]}
                  type="button"
                >
                  Rollback
                </button>
              </div>
              <div
                className="ActivityCard__container column-1-span-9"
                data-selenium-id="ActivityCardx"
              >
                <div
                  className="ActivityCard ActivityCard--collapsed card"
                  style={Object {}}
                >
                  <div
                    className="ActivityCard__badge ActivityCard__badge--environment"
                    title="environment"
                  />
                  <div
                    className="ActivityCard__content"
                  >
                    <div
                      className="ActivityCard__title flex flex--row justify--space-between closed"
                      onClick={[Function]}
                      role="presentation"
                    >
                      <div
                        className="ActivityCard__stack"
                      >
                        <p
                          className="ActivityCard__time"
                        >
                          3:53pm
                        </p>
                        <div
                          className="ActivityCard__user"
                        >
                          C
                        </div>
                      </div>
                      <h6
                        className="ActivityCard__commit-message"
                      >
                        <b>
                          cbutler - 
                        </b>
                        Added 29 conda3 package(s). 
                      </h6>
                    </div>
                  </div>
                </div>
              </div>
            </div>
            <div
              className="CardWrapper"
              data-selenium-id="CardWrapperx"
            >
              <div
                className="ActivityCard__container column-1-span-9"
                data-selenium-id="ActivityCardx"
              >
                <div
                  className="ActivityCard ActivityCard--collapsed card"
                  style={Object {}}
                >
                  <div
                    className="ActivityCard__badge ActivityCard__badge--labbook"
                    title="labbook"
                  />
                  <div
                    className="ActivityCard__content"
                  >
                    <div
                      className="ActivityCard__title flex flex--row justify--space-between closed"
                      onClick={[Function]}
                      role="presentation"
                    >
                      <div
                        className="ActivityCard__stack"
                      >
                        <p
                          className="ActivityCard__time"
                        >
                          3:53pm
                        </p>
                        <div
                          className="ActivityCard__user"
                        >
                          C
                        </div>
                      </div>
                      <h6
                        className="ActivityCard__commit-message"
                      >
                        <b>
                          cbutler - 
                        </b>
                        Created new LabBook: cbutler/ui-test-project
                      </h6>
                    </div>
                  </div>
                </div>
              </div>
            </div>
          </div>
        </div>
      </div>
    </div>
  </div>
</div>
`;
