// Jest Snapshot v1, https://goo.gl/fbAQLP

exports[`Test CreateLabbook rendering 1`] = `
<div
  className="CreateLabbook"
>
  <div>
    <div>
      <label>
        Title
      </label>
      <input
        className=""
        maxLength="36"
        onChange={[Function]}
        placeholder="Enter a unique, descriptive title"
        type="text"
      />
      <span
        className="hidden"
      >
        Error: Title may only contain lowercase alphanumeric and \`-\`. (e.g. lab-book-title)
      </span>
    </div>
    <div>
      <label>
        Description
      </label>
      <textarea
        className="CreateLabbook__description-input"
        maxLength="260"
        onChange={[Function]}
        placeholder="Briefly describe this Project, its purpose and any other key details. "
        type="text"
      />
      <p
        className="CreateLabbook__warning CreateLabbook__warning--hidden"
      >
        0 characters remaining
      </p>
    </div>
  </div>
</div>
`;
