// Jest Snapshot v1, https://goo.gl/fbAQLP

exports[`FileBrowser component Test FileBrowser Rendering 1`] = `
<div
  className="FileBrowser FileBrowser--dropzone"
  style={
    Object {
      "zIndex": 0,
    }
  }
>
  <h4
    className="margin--0"
  >
    Files
  </h4>
  <div
    className="FileBrowser__tools flex justify--space-between"
  >
    <div
      className="FileBrowser__search flex-1"
    >
      <input
        className="FileBrowser__input search"
        onChange={[Function]}
        onKeyUp={[Function]}
        placeholder="Search Files Here"
        type="text"
      />
    </div>
    <div
      className="flex"
    >
      <button
        className="Btn Btn--action Btn__FileBrowserAction Btn__FileBrowserAction--newFolder"
        data-click-id="addFolder"
        onClick={[Function]}
        type="button"
      >
        New Folder
      </button>
      <label
        className="FileBrowser__upload-label"
        htmlFor="browser_upload"
      >
        <div
          className="Btn__FileBrowserAction Btn__FileBrowserAction--upload inline-block Btn"
        >
          Add Files
        </div>
        <input
          className="hidden"
          id="browser_upload"
          multiple={true}
          onChange={[Function]}
          type="file"
        />
      </label>
    </div>
  </div>
  <div
    className="FileBrowser__header"
  >
    <div
      className="FileBrowser__multiselect flex justify--start"
    >
      <button
        className="CheckboxMultiselect CheckboxMultiselect__uncheck"
        onClick={[Function]}
        type="button"
      />
    </div>
    <button
      className="FileBrowser__name-text FileBrowser__header--name flex justify--start Btn--noStyle FileBroser__sort--asc"
      onClick={[Function]}
      type="button"
    >
      File
    </button>
    <button
      className="FileBrowser__header--size Btn--noStyle"
      onClick={[Function]}
      type="button"
    >
      Size
    </button>
    <button
      className="FileBrowser__header--date Btn--noStyle"
      onClick={[Function]}
      type="button"
    >
      Modified
    </button>
    <div
      className="FileBrowser__header--menu flex flex--row justify--right"
    >
      Actions
    </div>
  </div>
  <div
    className="FileBrowser__body"
  >
    <div
      className="AddSubfolder hidden"
      onClick={[Function]}
    >
      <div
        className="AddSubfolder__text"
      >
        Add Folder
      </div>
      <div
        className="AddSubfolder__edit Input--clear hidden"
      >
        <div
          className="AddSubfolder__container"
        >
          <input
            className="AddSubfolder__input"
            onKeyUp={[Function]}
            placeholder="Enter Folder Name"
            type="text"
          />
        </div>
        <div
          className="flex justify--space-around"
        >
          <button
            className="File__btn--round File__btn--cancel"
            onClick={[Function]}
          />
          <button
            className="File__btn--round File__btn--add"
            onClick={[Function]}
          />
        </div>
      </div>
    </div>
    <div
      className="Dropbox Dropbox--fileBrowser flex flex--column align-items--center"
    >
      <div
        className="Dropbox--menu"
      >
        Drag and drop files here
        <br />
        <span>
          or
        </span>
      </div>
      <label
        className="flex justify--center"
        htmlFor="add_file"
      >
        <div
          className="Btn Btn--allStyling"
        >
          Choose Files...
        </div>
        <input
          className="hidden"
          id="add_file"
          onChange={[Function]}
          type="file"
        />
      </label>
    </div>
  </div>
</div>
`;
