// Jest Snapshot v1, https://goo.gl/fbAQLP

exports[`FileBrowser component Test FileBrowser Rendering 1`] = `
<div
  className="FileBrowser FileBrowser--dropzone"
  data-selenium-id="FileBrowser"
  style={
    Object {
      "zIndex": 0,
    }
  }
>
  <div
    className="FileBrowser__menu"
  >
    <h5>
      Files
    </h5>
    <div
      className="FileBrowser__menu-buttons"
    >
      <button
        className="FileBrowser__button Btn--round Btn--bordered Btn__upArrow"
        onClick={[Function]}
        type="button"
      />
      <span>
        Upload Files
      </span>
      <button
        className="FileBrowser__button Btn--round Btn--bordered Btn__addFolder"
        onClick={[Function]}
        type="button"
      />
      <span>
        New Folder
      </span>
      <button
        className="FileBrowser__button Btn--round Btn--bordered Btn__addDataset"
        data-tooltip="Link Dataset"
        onClick={[Function]}
      />
      <span>
        Link Dataset
      </span>
    </div>
  </div>
  <div
    className="FileBrowser__tools flex justify--space-between"
  >
    <div
      className="FileBrowser__search flex-1"
    >
      <input
        className="FileBrowser__input search"
        onChange={[Function]}
        onKeyUp={[Function]}
        placeholder="Search Files Here"
        type="text"
      />
    </div>
  </div>
  <div
    className="FileBrowser__header"
  >
    <div
      className="FileBrowser__multiselect flex justify--start"
    >
      <button
        className="Btn--multiSelect Btn Btn--round Btn--medium Btn__uncheck"
        onClick={[Function]}
      />
      <button
        className="Btn Btn--round Btn__delete Btn--noShadow Btn--action hidden"
        onClick={[Function]}
      />
      <div
        className="FileBrowser__popup hidden Tooltip__message"
      >
        <div
          className="Tooltip__pointer"
        />
        <p>
          Are you sure?
        </p>
        <div
          className="flex justify--space-around"
        >
          <button
            className="File__btn--round File__btn--cancel File__btn--delete"
            onClick={[Function]}
          />
          <button
            className="File__btn--round File__btn--add File__btn--delete-files"
            onClick={[Function]}
          />
        </div>
      </div>
    </div>
    <button
      className="FileBrowser__name-text FileBrowser__header--name flex justify--start Btn--noStyle FileBroser__sort--asc"
      onClick={[Function]}
      type="button"
    >
      File
    </button>
    <button
      className="FileBrowser__header--size Btn--noStyle"
      onClick={[Function]}
      type="button"
    >
      Size
    </button>
    <button
      className="FileBrowser__header--date Btn--noStyle"
      onClick={[Function]}
      type="button"
    >
      Modified
    </button>
    <div
      className="FileBrowser__header--menu flex flex--row justify--right"
    />
  </div>
  <div
    className="FileBrowser__body"
  >
    <div
      className="AddSubfolder hidden"
      data-selenium-id="AddSubfolder"
      onClick={[Function]}
    >
      <div
        className="AddSubfolder__text"
      >
        Add Folder
      </div>
      <div
        className="AddSubfolder__edit hidden"
      >
        <div
          className="AddSubfolder__container"
        >
          <input
            className="AddSubfolder__input"
            onKeyUp={[Function]}
            placeholder="Enter Folder Name"
            type="text"
          />
        </div>
        <div
          className="flex justify--space-around"
        >
          <button
            className="File__btn--round File__btn--cancel"
            onClick={[Function]}
          />
          <button
            className="File__btn--round File__btn--add"
            onClick={[Function]}
          />
        </div>
      </div>
    </div>
    <div
      className="FileBrowser__empty"
    >
      <h5>
        Upload Files by Dragging & Dropping Here
      </h5>
    </div>
  </div>
</div>
`;
