// Jest Snapshot v1, https://goo.gl/fbAQLP

exports[`Test RemoteLabbooks rendering 1`] = `
<div
  className="Card Card--225 column-4-span-3 flex flex--column justify--space-between"
>
  <div
    className="RemoteLabbooks__row RemoteLabbooks__row--icon"
  >
    <button
      className="Button__icon Button__icon--cloud Tooltip-data"
      data-tooltip="This Project has already been imported"
      disabled={true}
      type="button"
    >
      Imported
    </button>
    <button
      className="Button__icon Button__icon--delete"
      data-tooltip=""
      disabled={false}
      onClick={[Function]}
      type="button"
    >
      Delete
    </button>
  </div>
  <div
    className="RemoteLabbooks__row RemoteLabbooks__row--text"
  >
    <div
      className="RemoteLabbooks__row RemoteLabbooks__row--title"
    >
      <h5
        className="RemoteLabbooks__panel-title"
      >
        <span>
          <span
            className=""
          >
            ui-test-remote
          </span>
        </span>
      </h5>
    </div>
    <p
      className="RemoteLabbooks__paragraph RemoteLabbooks__paragraph--owner"
    >
      uitest
    </p>
    <p
      className="RemoteLabbooks__paragraph RemoteLabbooks__paragraph--owner"
    >
      Created on Fri Jan 18 2019
    </p>
    <p
      className="RemoteLabbooks__paragraph RemoteLabbooks__paragraph--owner"
    >
      Modified Fri Jan 18 2019
    </p>
    <p
      className="RemoteLabbooks__paragraph RemoteLabbooks__paragraph--description"
    >
      <span>
        <span
          className=""
        >
          No Description
        </span>
      </span>
    </p>
  </div>
  <div
    className="Tooltip-Listing RemoteLabbooks__private Tooltip-data Tooltip-data--small"
    data-tooltip="private"
  />
</div>
`;
