// Jest Snapshot v1, https://goo.gl/fbAQLP

exports[`Test RemoteLabbooks rendering 1`] = `
<div
  className="Labbooks__listing"
  data-selenium-id="RemoteLabbooks"
>
  <div
    className="grid"
  >
    <div
      className="Card Card--300 column-4-span-3 flex flex--column justify--space-between"
      data-selenium-id="RemoteLabbookPanel"
    >
      <div
        className="RemoteLabbooks__row RemoteLabbooks__row--icon"
      >
        <button
          className="RemoteLabbooks__icon RemoteLabbooks__icon--cloud Tooltip-data Tooltip-data--small"
          data-tooltip="Project exists locally"
          disabled={true}
        >
          Imported
        </button>
        <button
          className="RemoteLabbooks__icon RemoteLabbooks__icon--delete"
          data-tooltip=""
          disabled={false}
          onClick={[Function]}
        >
          Delete
        </button>
      </div>
      <div
        className="RemoteLabbooks__row RemoteLabbooks__row--text"
      >
        <div
          className="RemoteLabbooks__row RemoteLabbooks__row--title"
        >
          <h6
            className="RemoteLabbooks__panel-title"
          >
            <span>
              <span
                className=""
              >
                ui-test-remote
              </span>
            </span>
          </h6>
        </div>
        <p
          className="RemoteLabbooks__paragraph RemoteLabbooks__paragraph--owner"
        >
          uitest
        </p>
        <p
          className="RemoteLabbooks__paragraph RemoteLabbooks__paragraph--owner"
        >
          Created on Fri Jan 18 2019
        </p>
        <p
          className="RemoteLabbooks__paragraph RemoteLabbooks__paragraph--owner"
        >
          Modified Fri Jan 18 2019
        </p>
        <p
          className="RemoteLabbooks__paragraph RemoteLabbooks__paragraph--description"
        >
          <span>
            <span
              className=""
            >
              No Description
            </span>
          </span>
        </p>
      </div>
      <div
        className="Tooltip-Listing RemoteLabbooks__private   Tooltip-data Tooltip-data--small"
        data-tooltip="private"
      />
    </div>
    <div
      className="CardLoader--hidden"
      data-selenium-id="CardLoader"
    >
      <div />
    </div>
    <div
      className="CardLoader--hidden"
      data-selenium-id="CardLoader"
    >
      <div />
    </div>
    <div
      className="CardLoader--hidden"
      data-selenium-id="CardLoader"
    >
      <div />
    </div>
    <div
      className="CardLoader--hidden"
      data-selenium-id="CardLoader"
    >
      <div />
    </div>
    <div
      className="CardLoader--hidden"
      data-selenium-id="CardLoader"
    >
      <div />
    </div>
  </div>
</div>
`;
